Component: ARM Compiler 5.06 update 7 (build 960) Tool: armlink [4d3601]

==============================================================================

Section Cross References

    startup_stm32f103x6.o(STACK) refers (Special) to heapauxi.o(.text) for __use_two_region_memory
    startup_stm32f103x6.o(HEAP) refers (Special) to heapauxi.o(.text) for __use_two_region_memory
    startup_stm32f103x6.o(RESET) refers (Special) to heapauxi.o(.text) for __use_two_region_memory
    startup_stm32f103x6.o(RESET) refers to startup_stm32f103x6.o(STACK) for __initial_sp
    startup_stm32f103x6.o(RESET) refers to startup_stm32f103x6.o(.text) for Reset_Handler
    startup_stm32f103x6.o(RESET) refers to stm32f1xx_it.o(i.NMI_Handler) for NMI_Handler
    startup_stm32f103x6.o(RESET) refers to stm32f1xx_it.o(i.HardFault_Handler) for HardFault_Handler
    startup_stm32f103x6.o(RESET) refers to stm32f1xx_it.o(i.MemManage_Handler) for MemManage_Handler
    startup_stm32f103x6.o(RESET) refers to stm32f1xx_it.o(i.BusFault_Handler) for BusFault_Handler
    startup_stm32f103x6.o(RESET) refers to stm32f1xx_it.o(i.UsageFault_Handler) for UsageFault_Handler
    startup_stm32f103x6.o(RESET) refers to stm32f1xx_it.o(i.SVC_Handler) for SVC_Handler
    startup_stm32f103x6.o(RESET) refers to stm32f1xx_it.o(i.DebugMon_Handler) for DebugMon_Handler
    startup_stm32f103x6.o(RESET) refers to stm32f1xx_it.o(i.PendSV_Handler) for PendSV_Handler
    startup_stm32f103x6.o(RESET) refers to stm32f1xx_it.o(i.SysTick_Handler) for SysTick_Handler
    startup_stm32f103x6.o(RESET) refers to stm32f1xx_it.o(i.USB_LP_CAN1_RX0_IRQHandler) for USB_LP_CAN1_RX0_IRQHandler
    startup_stm32f103x6.o(RESET) refers to stm32f1xx_it.o(i.USART1_IRQHandler) for USART1_IRQHandler
    startup_stm32f103x6.o(RESET) refers to stm32f1xx_it.o(i.USART2_IRQHandler) for USART2_IRQHandler
    startup_stm32f103x6.o(.text) refers (Special) to heapauxi.o(.text) for __use_two_region_memory
    startup_stm32f103x6.o(.text) refers to system_stm32f1xx.o(i.SystemInit) for SystemInit
    startup_stm32f103x6.o(.text) refers to __main.o(!!!main) for __main
    startup_stm32f103x6.o(.text) refers to startup_stm32f103x6.o(HEAP) for Heap_Mem
    startup_stm32f103x6.o(.text) refers to startup_stm32f103x6.o(STACK) for Stack_Mem
    gd25q128.o(i.GD25Q_EraseSector) refers to gd25q128.o(i.GD25Q_WriteEnable) for GD25Q_WriteEnable
    gd25q128.o(i.GD25Q_EraseSector) refers to gd25q128.o(i.GD25Q_WaitForWriteEnd) for GD25Q_WaitForWriteEnd
    gd25q128.o(i.GD25Q_EraseSector) refers to stm32f1xx_hal_gpio.o(i.HAL_GPIO_WritePin) for HAL_GPIO_WritePin
    gd25q128.o(i.GD25Q_EraseSector) refers to gd25q128.o(i.SPI1_SwapByte) for SPI1_SwapByte
    gd25q128.o(i.GD25Q_ReadBuffer) refers to stm32f1xx_hal_gpio.o(i.HAL_GPIO_WritePin) for HAL_GPIO_WritePin
    gd25q128.o(i.GD25Q_ReadBuffer) refers to gd25q128.o(i.SPI1_SwapByte) for SPI1_SwapByte
    gd25q128.o(i.GD25Q_ReadID) refers to stm32f1xx_hal_gpio.o(i.HAL_GPIO_WritePin) for HAL_GPIO_WritePin
    gd25q128.o(i.GD25Q_ReadID) refers to gd25q128.o(i.SPI1_SwapByte) for SPI1_SwapByte
    gd25q128.o(i.GD25Q_WaitForWriteEnd) refers to stm32f1xx_hal_gpio.o(i.HAL_GPIO_WritePin) for HAL_GPIO_WritePin
    gd25q128.o(i.GD25Q_WaitForWriteEnd) refers to gd25q128.o(i.SPI1_SwapByte) for SPI1_SwapByte
    gd25q128.o(i.GD25Q_WriteEnable) refers to stm32f1xx_hal_gpio.o(i.HAL_GPIO_WritePin) for HAL_GPIO_WritePin
    gd25q128.o(i.GD25Q_WriteEnable) refers to gd25q128.o(i.SPI1_SwapByte) for SPI1_SwapByte
    gd25q128.o(i.GD25Q_WritePage) refers to gd25q128.o(i.GD25Q_WriteEnable) for GD25Q_WriteEnable
    gd25q128.o(i.GD25Q_WritePage) refers to gd25q128.o(i.GD25Q_WaitForWriteEnd) for GD25Q_WaitForWriteEnd
    gd25q128.o(i.GD25Q_WritePage) refers to stm32f1xx_hal_gpio.o(i.HAL_GPIO_WritePin) for HAL_GPIO_WritePin
    gd25q128.o(i.GD25Q_WritePage) refers to gd25q128.o(i.SPI1_SwapByte) for SPI1_SwapByte
    gd25q128.o(i.SPI1_SwapByte) refers to stm32f1xx_hal_spi.o(i.HAL_SPI_TransmitReceive) for HAL_SPI_TransmitReceive
    gd25q128.o(i.SPI1_SwapByte) refers to spi.o(.bss) for hspi1
    main.o(i.SystemClock_Config) refers to rt_memclr_w.o(.text) for __aeabi_memclr4
    main.o(i.SystemClock_Config) refers to stm32f1xx_hal_rcc.o(i.HAL_RCC_OscConfig) for HAL_RCC_OscConfig
    main.o(i.SystemClock_Config) refers to stm32f1xx_hal_rcc.o(i.HAL_RCC_ClockConfig) for HAL_RCC_ClockConfig
    main.o(i.SystemClock_Config) refers to stm32f1xx_hal_rcc_ex.o(i.HAL_RCCEx_PeriphCLKConfig) for HAL_RCCEx_PeriphCLKConfig
    main.o(i.USB_printf) refers to vsnprintf.o(.text) for vsnprintf
    main.o(i.USB_printf) refers to usbd_cdc_if.o(i.CDC_Transmit_FS) for CDC_Transmit_FS
    main.o(i.main) refers to stm32f1xx_hal.o(i.HAL_Init) for HAL_Init
    main.o(i.main) refers to main.o(i.SystemClock_Config) for SystemClock_Config
    main.o(i.main) refers to gpio.o(i.MX_GPIO_Init) for MX_GPIO_Init
    main.o(i.main) refers to usb_device.o(i.MX_USB_DEVICE_Init) for MX_USB_DEVICE_Init
[...]
    .data                                    0x20000070   Section        4  system_stm32f1xx.o(.data)
    .data                                    0x20000074   Section        1  usbd_ctlreq.o(.data)
    cfgidx                                   0x20000074   Data           1  usbd_ctlreq.o(.data)
    .data                                    0x20000078   Section      215  usbd_cdc.o(.data)
    USBD_CDC_DeviceQualifierDesc             0x20000078   Data          10  usbd_cdc.o(.data)
    .data                                    0x20000150   Section       56  usbd_cdc.o(.data)
    .bss                                     0x20000188   Section       48  adc.o(.bss)
    .bss                                     0x200001b8   Section       88  spi.o(.bss)
    .bss                                     0x20000210   Section      144  usart.o(.bss)
    .bss                                     0x200002a0   Section      520  bsp_uart.o(.bss)
    .bss                                     0x200004a8   Section      708  usb_device.o(.bss)
    .bss                                     0x2000076c   Section      512  usbd_desc.o(.bss)
    .bss                                     0x2000096c   Section     1024  usbd_cdc_if.o(.bss)
    .bss                                     0x20000d6c   Section     1272  usbd_conf.o(.bss)
    mem                                      0x20000d6c   Data         544  usbd_conf.o(.bss)
    .bss                                     0x20001264   Section       96  libspace.o(.bss)
    HEAP                                     0x200012c8   Section      512  startup_stm32f103x6.o(HEAP)
    Heap_Mem                                 0x200012c8   Data         512  startup_stm32f103x6.o(HEAP)
    STACK                                    0x200014c8   Section     1024  startup_stm32f103x6.o(STACK)
    Stack_Mem                                0x200014c8   Data        1024  startup_stm32f103x6.o(STACK)
    __initial_sp                             0x200018c8   Data           0  startup_stm32f103x6.o(STACK)

    Global Symbols

    Symbol Name                              Value     Ov Type        Size  Object(Section)

    BuildAttributes$$THM_ISAv4$P$D$K$B$S$PE$A:L22UL41UL21$X:L11$S22US41US21$IEEE1$IW$USESV6$~STKCKD$USESV7$~SHL$OTIME$ROPI$IEEEJ$EBA8$UX$STANDARDLIB$REQ8$PRES8$EABIv2 0x00000000   Number         0  anon$$obj.o ABSOLUTE
    __ARM_use_no_argv                        0x00000000   Number         0  main.o ABSOLUTE
    _printf_flags                            0x00000000   Number         0  printf_stubs.o ABSOLUTE
    _printf_return_value                     0x00000000   Number         0  printf_stubs.o ABSOLUTE
    _printf_sizespec                         0x00000000   Number         0  printf_stubs.o ABSOLUTE
    _printf_widthprec                        0x00000000   Number         0  printf_stubs.o ABSOLUTE
    __ARM_exceptions_init                     - Undefined Weak Reference
    __alloca_initialize                       - Undefined Weak Reference
    __arm_fini_                               - Undefined Weak Reference
    __arm_preinit_                            - Undefined Weak Reference
    __cpp_initialize__aeabi_                  - Undefined Weak Reference
    __cxa_finalize                            - Undefined Weak Reference
    __sigvec_lookup                           - Undefined Weak Reference
    _atexit_init                              - Undefined Weak Reference
    _call_atexit_fns                          - Undefined Weak Reference
    _clock_init                               - Undefined Weak Reference
    _fp_trap_init                             - Undefined Weak Reference
    _fp_trap_shutdown                         - Undefined Weak Reference
    _get_lc_collate                           - Undefined Weak Reference
    _get_lc_monetary                          - Undefined Weak Reference
    _get_lc_time                              - Undefined Weak Reference
    _getenv_init                              - Undefined Weak Reference
    _handle_redirection                       - Undefined Weak Reference
    _init_alloc                               - Undefined Weak Reference
    _init_user_alloc                          - Undefined Weak Reference
    _initio                                   - Undefined Weak Reference
    _printf_mbtowc                            - Undefined Weak Reference
    _printf_wc                                - Undefined Weak Reference
    _rand_init                                - Undefined Weak Reference
    _signal_finish                            - Undefined Weak Reference
    _signal_init                              - Undefined Weak Reference
    _terminate_alloc                          - Undefined Weak Reference
    _terminate_user_alloc                     - Undefined Weak Reference
    _terminateio                              - Undefined Weak Reference
    __Vectors_Size                           0x000000ec   Number         0  startup_stm32f103x6.o ABSOLUTE
    __Vectors                                0x08000000   Data           4  startup_stm32f103x6.o(RESET)
    __Vectors_End                            0x080000ec   Data           0  startup_stm32f103x6.o(RESET)
    __main                                   0x080000ed   Thumb Code     8  __main.o(!!!main)
    __scatterload                            0x080000f5   Thumb Code     0  __scatter.o(!!!scatter)
    __scatterload_rt2                        0x080000f5   Thumb Code    44  __scatter.o(!!!scatter)
    __scatterload_rt2_thumb_only             0x080000f5   Thumb Code     0  __scatter.o(!!!scatter)
    __scatterload_null                       0x08000103   Thumb Code     0  __scatter.o(!!!scatter)
    __decompress                             0x08000129   Thumb Code    90  __dczerorl2.o(!!dczerorl2)
    __decompress1                            0x08000129   Thumb Code     0  __dczerorl2.o(!!dczerorl2)
    __scatterload_zeroinit                   0x08000185   Thumb Code    28  __scatter_zi.o(!!handler_zi)
    _printf_n                                0x080001a1   Thumb Code     0  _printf_n.o(.ARM.Collect$$_printf_percent$$00000001)
    _printf_percent                          0x080001a1   Thumb Code     0  _printf_percent.o(.ARM.Collect$$_printf_percent$$00000000)
    _printf_p                                0x080001a7   Thumb Code     0  _printf_p.o(.ARM.Collect$$_printf_percent$$00000002)
    _printf_f                                0x080001ad   Thumb Code     0  _printf_f.o(.ARM.Collect$$_printf_percent$$00000003)
    _printf_e                                0x080001b3   Thumb Code     0  _printf_e.o(.ARM.Collect$$_printf_percent$$00000004)
    _printf_g                                0x080001b9   Thumb Code     0  _printf_g.o(.ARM.Collect$$_printf_percent$$00000005)
    _printf_a                                0x080001bf   Thumb Code     0  _printf_a.o(.ARM.Collect$$_printf_percent$$00000006)
    _printf_ll                               0x080001c5   Thumb Code     0  _printf_ll.o(.ARM.Collect$$_printf_percent$$00000007)
    _printf_i                                0x080001cf   Thumb Code     0  _printf_i.o(.ARM.Collect$$_printf_percent$$00000008)
    _printf_d                                0x080001d5   Thumb Code     0  _printf_d.o(.ARM.Collect$$_printf_percent$$00000009)
    _printf_u                                0x080001db   Thumb Code     0  _printf_u.o(.ARM.Collect$$_printf_percent$$0000000A)
    _printf_o                                0x080001e1   Thumb Code     0  _printf_o.o(.ARM.Collect$$_printf_percent$$0000000B)
    _printf_x                                0x080001e7   Thumb Code     0  _printf_x.o(.ARM.Collect$$_printf_percent$$0000000C)
    _printf_lli                              0x080001ed   Thumb Code     0  _printf_lli.o(.ARM.Collect$$_printf_percent$$0000000D)
    _printf_lld                              0x080001f3   Thumb Code     0  _printf_lld.o(.ARM.Collect$$_printf_percent$$0000000E)
    _printf_llu                              0x080001f9   Thumb Code     0  _printf_llu.o(.ARM.Collect$$_printf_percent$$0000000F)
    _printf_llo                              0x080001ff   Thumb Code     0  _printf_llo.o(.ARM.Collect$$_printf_percent$$00000010)
    _printf_llx                              0x08000205   Thumb Code     0  _printf_llx.o(.ARM.Collect$$_printf_percent$$00000011)
    _printf_l                                0x0800020b   Thumb Code     0  _printf_l.o(.ARM.Collect$$_printf_percent$$00000012)
    _printf_c                                0x08000215   Thumb Code     0  _printf_c.o(.ARM.Collect$$_printf_percent$$00000013)
    _printf_s                                0x0800021b   Thumb Code     0  _printf_s.o(.ARM.Collect$$_printf_percent$$00000014)
    _printf_lc                               0x08000221   Thumb Code     0  _printf_lc.o(.ARM.Collect$$_printf_percent$$00000015)
    _printf_ls                               0x08000227   Thumb Code     0  _printf_ls.o(.ARM.Collect$$_printf_percent$$00000016)
    _printf_percent_end                      0x0800022d   Thumb Code     0  _printf_percent_end.o(.ARM.Collect$$_printf_percent$$00000017)
    __rt_lib_init                            0x08000231   Thumb Code     0  libinit.o(.ARM.Collect$$libinit$$00000000)
    __rt_lib_init_fp_1                       0x08000233   Thumb Code     0  libinit2.o(.ARM.Collect$$libinit$$00000002)
    __rt_lib_init_heap_1                     0x08000233   Thumb Code     0  libinit2.o(.ARM.Collect$$libinit$$0000000A)
    __rt_lib_init_lc_common                  0x08000233   Thumb Code     0  libinit2.o(.ARM.Collect$$libinit$$0000000F)
    __rt_lib_init_preinit_1                  0x08000233   Thumb Code     0  libinit2.o(.ARM.Collect$$libinit$$00000004)
    __rt_lib_init_rand_1                     0x08000233   Thumb Code     0  libinit2.o(.ARM.Collect$$libinit$$0000000E)
    __rt_lib_init_user_alloc_1               0x08000233   Thumb Code     0  libinit2.o(.ARM.Collect$$libinit$$0000000C)
    __rt_lib_init_lc_collate_1               0x08000239   Thumb Code     0  libinit2.o(.ARM.Collect$$libinit$$00000011)
    __rt_lib_init_lc_ctype_2                 0x08000239   Thumb Code     0  libinit2.o(.ARM.Collect$$libinit$$00000012)
    __rt_lib_init_lc_ctype_1                 0x08000245   Thumb Code     0  libinit2.o(.ARM.Collect$$libinit$$00000013)
    __rt_lib_init_lc_monetary_1              0x08000245   Thumb Code     0  libinit2.o(.ARM.Collect$$libinit$$00000015)
    __rt_lib_init_lc_numeric_2               0x08000245   Thumb Code     0  libinit2.o(.ARM.Collect$$libinit$$00000016)
    __rt_lib_init_alloca_1                   0x0800024f   Thumb Code     0  libinit2.o(.ARM.Collect$$libinit$$0000002E)
    __rt_lib_init_argv_1                     0x0800024f   Thumb Code     0  libinit2.o(.ARM.Collect$$libinit$$0000002C)
    __rt_lib_init_atexit_1                   0x0800024f   Thumb Code     0  libinit2.o(.ARM.Collect$$libinit$$0000001B)
    __rt_lib_init_clock_1                    0x0800024f   Thumb Code     0  libinit2.o(.ARM.Collect$$libinit$$00000021)
    __rt_lib_init_cpp_1                      0x0800024f   Thumb Code     0  libinit2.o(.ARM.Collect$$libinit$$00000032)
    __rt_lib_init_exceptions_1               0x0800024f   Thumb Code     0  libinit2.o(.ARM.Collect$$libinit$$00000030)
    __rt_lib_init_fp_trap_1                  0x0800024f   Thumb Code     0  libinit2.o(.ARM.Collect$$libinit$$0000001F)
    __rt_lib_init_getenv_1                   0x0800024f   Thumb Code     0  libinit2.o(.ARM.Collect$$libinit$$00000023)
    __rt_lib_init_lc_numeric_1               0x0800024f   Thumb Code     0  libinit2.o(.ARM.Collect$$libinit$$00000017)
    __rt_lib_init_lc_time_1                  0x0800024f   Thumb Code     0  libinit2.o(.ARM.Collect$$libinit$$00000019)
    __rt_lib_init_return                     0x0800024f   Thumb Code     0  libinit2.o(.ARM.Collect$$libinit$$00000033)
    __rt_lib_init_signal_1                   0x0800024f   Thumb Code     0  libinit2.o(.ARM.Collect$$libinit$$0000001D)
    __rt_lib_init_stdio_1                    0x0800024f   Thumb Code     0  libinit2.o(.ARM.Collect$$libinit$$00000025)
    __rt_lib_shutdown                        0x08000251   Thumb Code     0  libshutdown.o(.ARM.Collect$$libshutdown$$00000000)
    __rt_lib_shutdown_cpp_1                  0x08000253   Thumb Code     0  libshutdown2.o(.ARM.Collect$$libshutdown$$00000004)
    __rt_lib_shutdown_fini_1                 0x08000253   Thumb Code     0  libshutdown2.o(.ARM.Collect$$libshutdown$$00000002)
    __rt_lib_shutdown_fp_trap_1              0x08000253   Thumb Code     0  libshutdown2.o(.ARM.Collect$$libshutdown$$00000009)
    __rt_lib_shutdown_heap_1                 0x08000253   Thumb Code     0  libshutdown2.o(.ARM.Collect$$libshutdown$$00000011)
    __rt_lib_shutdown_return                 0x08000253   Thumb Code     0  libshutdown2.o(.ARM.Collect$$libshutdown$$00000012)
    __rt_lib_shutdown_signal_1               0x08000253   Thumb Code     0  libshutdown2.o(.ARM.Collect$$libshutdown$$0000000C)
    __rt_lib_shutdown_stdio_1                0x08000253   Thumb Code     0  libshutdown2.o(.ARM.Collect$$libshutdown$$00000006)
    __rt_lib_shutdown_user_alloc_1           0x08000253   Thumb Code     0  libshutdown2.o(.ARM.Collect$$libshutdown$$0000000E)
    __rt_entry                               0x08000255   Thumb Code     0  __rtentry.o(.ARM.Collect$$rtentry$$00000000)
    __rt_entry_presh_1                       0x08000255   Thumb Code     0  __rtentry2.o(.ARM.Collect$$rtentry$$00000002)
    __rt_entry_sh                            0x08000255   Thumb Code     0  __rtentry4.o(.ARM.Collect$$rtentry$$00000004)
    __rt_entry_li                            0x0800025b   Thumb Code     0  __rtentry2.o(.ARM.Collect$$rtentry$$0000000A)
    __rt_entry_postsh_1                      0x0800025b   Thumb Code     0  __rtentry2.o(.ARM.Collect$$rtentry$$00000009)
    __rt_entry_main                          0x0800025f   Thumb Code     0  __rtentry2.o(.ARM.Collect$$rtentry$$0000000D)
    __rt_entry_postli_1                      0x0800025f   Thumb Code     0  __rtentry2.o(.ARM.Collect$$rtentry$$0000000C)
    __rt_exit                                0x08000267   Thumb Code     0  rtexit.o(.ARM.Collect$$rtexit$$00000000)
    __rt_exit_ls                             0x08000269   Thumb Code     0  rtexit2.o(.ARM.Collect$$rtexit$$00000003)
    __rt_exit_prels_1                        0x08000269   Thumb Code     0  rtexit2.o(.ARM.Collect$$rtexit$$00000002)
    __rt_exit_exit                           0x0800026d   Thumb Code     0  rtexit2.o(.ARM.Collect$$rtexit$$00000004)
    Reset_Handler                            0x08000275   Thumb Code     8  startup_stm32f103x6.o(.text)
    ADC1_2_IRQHandler                        0x0800028f   Thumb Code     0  startup_stm32f103x6.o(.text)
    CAN1_RX1_IRQHandler                      0x0800028f   Thumb Code     0  startup_stm32f103x6.o(.text)
    CAN1_SCE_IRQHandler                      0x0800028f   Thumb Code     0  startup_stm32f103x6.o(.text)
    DMA1_Channel1_IRQHandler                 0x0800028f   Thumb Code     0  startup_stm32f103x6.o(.text)
    DMA1_Channel2_IRQHandler                 0x0800028f   Thumb Code     0  startup_stm32f103x6.o(.text)
    DMA1_Channel3_IRQHandler                 0x0800028f   Thumb Code     0  startup_stm32f103x6.o(.text)
    DMA1_Channel4_IRQHandler                 0x0800028f   Thumb Code     0  startup_stm32f103x6.o(.text)
    DMA1_Channel5_IRQHandler                 0x0800028f   Thumb Code     0  startup_stm32f103x6.o(.text)
    DMA1_Channel6_IRQHandler                 0x0800028f   Thumb Code     0  startup_stm32f103x6.o(.text)
    DMA1_Channel7_IRQHandler                 0x0800028f   Thumb Code     0  startup_stm32f103x6.o(.text)
    EXTI0_IRQHandler                         0x0800028f   Thumb Code     0  startup_stm32f103x6.o(.text)
    EXTI15_10_IRQHandler                     0x0800028f   Thumb Code     0  startup_stm32f103x6.o(.text)
    EXTI1_IRQHandler                         0x0800028f   Thumb Code     0  startup_stm32f103x6.o(.text)
    EXTI2_IRQHandler                         0x0800028f   Thumb Code     0  startup_stm32f103x6.o(.text)
    EXTI3_IRQHandler                         0x0800028f   Thumb Code     0  startup_stm32f103x6.o(.text)
    EXTI4_IRQHandler                         0x0800028f   Thumb Code     0  startup_stm32f103x6.o(.text)
    EXTI9_5_IRQHandler                       0x0800028f   Thumb Code     0  startup_stm32f103x6.o(.text)
    FLASH_IRQHandler                         0x0800028f   Thumb Code     0  startup_stm32f103x6.o(.text)
    I2C1_ER_IRQHandler                       0x0800028f   Thumb Code     0  startup_stm32f103x6.o(.text)
    I2C1_EV_IRQHandler                       0x0800028f   Thumb Code     0  startup_stm32f103x6.o(.text)
    PVD_IRQHandler                           0x0800028f   Thumb Code     0  startup_stm32f103x6.o(.text)
    RCC_IRQHandler                           0x0800028f   Thumb Code     0  startup_stm32f103x6.o(.text)
    RTC_Alarm_IRQHandler                     0x0800028f   Thumb Code     0  startup_stm32f103x6.o(.text)
    RTC_IRQHandler                           0x0800028f   Thumb Code     0  startup_stm32f103x6.o(.text)
    SPI1_IRQHandler                          0x0800028f   Thumb Code     0  startup_stm32f103x6.o(.text)
    TAMPER_IRQHandler                        0x0800028f   Thumb Code     0  startup_stm32f103x6.o(.text)
    TIM1_BRK_IRQHandler                      0x0800028f   Thumb Code     0  startup_stm32f103x6.o(.text)
    TIM1_CC_IRQHandler                       0x0800028f   Thumb Code     0  startup_stm32f103x6.o(.text)
    TIM1_TRG_COM_IRQHandler                  0x0800028f   Thumb Code     0  startup_stm32f103x6.o(.text)
    TIM1_UP_IRQHandler                       0x0800028f   Thumb Code     0  startup_stm32f103x6.o(.text)
    TIM2_IRQHandler                          0x0800028f   Thumb Code     0  startup_stm32f103x6.o(.text)
    TIM3_IRQHandler                          0x0800028f   Thumb Code     0  startup_stm32f103x6.o(.text)
    USBWakeUp_IRQHandler                     0x0800028f   Thumb Code     0  startup_stm32f103x6.o(.text)
    USB_HP_CAN1_TX_IRQHandler                0x0800028f   Thumb Code     0  startup_stm32f103x6.o(.text)
    WWDG_IRQHandler                          0x0800028f   Thumb Code     0  startup_stm32f103x6.o(.text)
    __user_initial_stackheap                 0x08000291   Thumb Code     0  startup_stm32f103x6.o(.text)
    vsnprintf                                0x080002b5   Thumb Code    48  vsnprintf.o(.text)
    __aeabi_memclr4                          0x080002e9   Thumb Code     0  rt_memclr_w.o(.text)
    __aeabi_memclr8                          0x080002e9   Thumb Code     0  rt_memclr_w.o(.text)
    __rt_memclr_w                            0x080002e9   Thumb Code    78  rt_memclr_w.o(.text)
    _memset_w                                0x080002ed   Thumb Code     0  rt_memclr_w.o(.text)
    __use_two_region_memory                  0x08000337   Thumb Code     2  heapauxi.o(.text)
    __rt_heap_escrow$2region                 0x08000339   Thumb Code     2  heapauxi.o(.text)
    __rt_heap_expand$2region                 0x0800033b   Thumb Code     2  heapauxi.o(.text)
    _printf_pre_padding                      0x0800033d   Thumb Code    44  _printf_pad.o(.text)
    _printf_post_padding                     0x08000369   Thumb Code    34  _printf_pad.o(.text)
    _printf_truncate_signed                  0x0800038b   Thumb Code    18  _printf_truncate.o(.text)
    _printf_truncate_unsigned                0x0800039d   Thumb Code    18  _printf_truncate.o(.text)
    _printf_str                              0x080003af   Thumb Code    82  _printf_str.o(.text)
    _printf_int_dec                          0x08000401   Thumb Code   104  _printf_dec.o(.text)
    _printf_charcount                        0x08000479   Thumb Code    40  _printf_charcount.o(.text)
    _printf_char_common                      0x080004ab   Thumb Code    32  _printf_char_common.o(.text)
    _sputc                                   0x080004d1   Thumb Code    10  _sputc.o(.text)
    _snputc                                  0x080004db   Thumb Code    16  _snputc.o(.text)
    _printf_wctomb                           0x080004ed   Thumb Code   182  _printf_wctomb.o(.text)
    _printf_longlong_dec                     0x080005a9   Thumb Code   108  _printf_longlong_dec.o(.text)
    _printf_longlong_oct                     0x08000625   Thumb Code    66  _printf_oct_int_ll.o(.text)
    _printf_int_oct                          0x08000667   Thumb Code    24  _printf_oct_int_ll.o(.text)
    _printf_ll_oct                           0x0800067f   Thumb Code    12  _printf_oct_int_ll.o(.text)
    _printf_longlong_hex                     0x08000695   Thumb Code    86  _printf_hex_int_ll_ptr.o(.text)
    _printf_int_hex                          0x080006eb   Thumb Code    28  _printf_hex_int_ll_ptr.o(.text)
    _printf_ll_hex                           0x08000707   Thumb Code    12  _printf_hex_int_ll_ptr.o(.text)
    _printf_hex_ptr                          0x08000713   Thumb Code    18  _printf_hex_int_ll_ptr.o(.text)
    __printf                                 0x08000729   Thumb Code   388  __printf_flags_ss_wp.o(.text)
    _ll_udiv10                               0x080008b1   Thumb Code   138  lludiv10.o(.text)
    _printf_int_common                       0x0800093b   Thumb Code   178  _printf_intcommon.o(.text)
    __lib_sel_fp_printf                      0x080009ed   Thumb Code     2  _printf_fp_dec.o(.text)
    _printf_fp_dec_real                      0x08000b9f   Thumb Code   620  _printf_fp_dec.o(.text)
    _printf_fp_hex_real                      0x08000e0d   Thumb Code   756  _printf_fp_hex.o(.text)
    _printf_cs_common                        0x08001109   Thumb Code    20  _printf_char.o(.text)
    _printf_char                             0x0800111d   Thumb Code    16  _printf_char.o(.text)
    _printf_string                           0x0800112d   Thumb Code     8  _printf_char.o(.text)
    _printf_lcs_common                       0x08001135   Thumb Code    20  _printf_wchar.o(.text)
    _printf_wchar                            0x08001149   Thumb Code    16  _printf_wchar.o(.text)
    _printf_wstring                          0x08001159   Thumb Code     8  _printf_wchar.o(.text)
    _wcrtomb                                 0x08001161   Thumb Code    64  _wcrtomb.o(.text)
    __user_setup_stackheap                   0x080011a1   Thumb Code    74  sys_stackheap_outer.o(.text)
    __rt_ctype_table                         0x080011ed   Thumb Code    16  rt_ctype_table.o(.text)
    __rt_locale                              0x080011fd   Thumb Code     8  rt_locale_intlibspace.o(.text)
    _printf_fp_infnan                        0x08001205   Thumb Code   112  _printf_fp_infnan.o(.text)
    _btod_etento                             0x08001285   Thumb Code   224  bigflt0.o(.text)
    exit                                     0x08001369   Thumb Code    18  exit.o(.text)
    __user_libspace                          0x0800137d   Thumb Code     8  libspace.o(.text)
    __user_perproc_libspace                  0x0800137d   Thumb Code     0  libspace.o(.text)
    __user_perthread_libspace                0x0800137d   Thumb Code     0  libspace.o(.text)
    strcmp                                   0x08001385   Thumb Code   128  strcmpv7m.o(.text)
    _sys_exit                                0x08001405   Thumb Code     8  sys_exit.o(.text)
    __I$use$semihosting                      0x08001411   Thumb Code     0  use_no_semi.o(.text)
    __use_no_semihosting_swi                 0x08001411   Thumb Code     2  use_no_semi.o(.text)
    __semihosting_library_function           0x08001413   Thumb Code     0  indicate_semi.o(.text)
    _btod_d2e                                0x08001413   Thumb Code    62  btod.o(CL$$btod_d2e)
    _d2e_denorm_low                          0x08001451   Thumb Code    70  btod.o(CL$$btod_d2e_denorm_low)
    _d2e_norm_op1                            0x08001497   Thumb Code    96  btod.o(CL$$btod_d2e_norm_op1)
    __btod_div_common                        0x080014f7   Thumb Code   696  btod.o(CL$$btod_div_common)
    _e2e                                     0x0800182f   Thumb Code   220  btod.o(CL$$btod_e2e)
    _btod_ediv                               0x0800190b   Thumb Code    42  btod.o(CL$$btod_ediv)
    _btod_emul                               0x08001935   Thumb Code    42  btod.o(CL$$btod_emul)
    __btod_mult_common                       0x0800195f   Thumb Code   580  btod.o(CL$$btod_mult_common)
    ADC_ConversionStop_Disable               0x08001ba5   Thumb Code    86  stm32f1xx_hal_adc.o(i.ADC_ConversionStop_Disable)
    BusFault_Handler                         0x08001bfb   Thumb Code     2  stm32f1xx_it.o(i.BusFault_Handler)
    CDC_Transmit_FS                          0x08001c51   Thumb Code    38  usbd_cdc_if.o(i.CDC_Transmit_FS)
    DebugMon_Handler                         0x08001c7d   Thumb Code     2  stm32f1xx_it.o(i.DebugMon_Handler)
    Error_Handler                            0x08001c7f   Thumb Code     4  main.o(i.Error_Handler)
    HAL_ADC_ConfigChannel                    0x08001c85   Thumb Code   240  stm32f1xx_hal_adc.o(i.HAL_ADC_ConfigChannel)
    HAL_ADC_Init                             0x08001d81   Thumb Code   272  stm32f1xx_hal_adc.o(i.HAL_ADC_Init)
    HAL_ADC_MspInit                          0x08001e9d   Thumb Code    30  adc.o(i.HAL_ADC_MspInit)
    HAL_DMA_Abort                            0x08001ec5   Thumb Code    70  stm32f1xx_hal_dma.o(i.HAL_DMA_Abort)
    HAL_DMA_Abort_IT                         0x08001f0d   Thumb Code   148  stm32f1xx_hal_dma.o(i.HAL_DMA_Abort_IT)
    HAL_Delay                                0x08001fa5   Thumb Code    32  stm32f1xx_hal.o(i.HAL_Delay)
    HAL_GPIO_Init                            0x08001fc9   Thumb Code   418  stm32f1xx_hal_gpio.o(i.HAL_GPIO_Init)
    HAL_GPIO_WritePin                        0x08002189   Thumb Code    10  stm32f1xx_hal_gpio.o(i.HAL_GPIO_WritePin)
    HAL_GetTick                              0x08002195   Thumb Code     6  stm32f1xx_hal.o(i.HAL_GetTick)
    HAL_IncTick                              0x080021a1   Thumb Code    12  stm32f1xx_hal.o(i.HAL_IncTick)
    HAL_Init                                 0x080021b1   Thumb Code    32  stm32f1xx_hal.o(i.HAL_Init)
    HAL_InitTick                             0x080021d5   Thumb Code    54  stm32f1xx_hal.o(i.HAL_InitTick)
    HAL_MspInit                              0x08002215   Thumb Code    52  stm32f1xx_hal_msp.o(i.HAL_MspInit)
    HAL_NVIC_EnableIRQ                       0x08002251   Thumb Code    26  stm32f1xx_hal_cortex.o(i.HAL_NVIC_EnableIRQ)
    HAL_NVIC_SetPriority                     0x0800226d   Thumb Code    60  stm32f1xx_hal_cortex.o(i.HAL_NVIC_SetPriority)
    HAL_NVIC_SetPriorityGrouping             0x080022ad   Thumb Code    26  stm32f1xx_hal_cortex.o(i.HAL_NVIC_SetPriorityGrouping)
    HAL_PCDEx_PMAConfig                      0x080022d1   Thumb Code    60  stm32f1xx_hal_pcd_ex.o(i.HAL_PCDEx_PMAConfig)
    HAL_PCDEx_SetConnectionState             0x0800230d   Thumb Code     2  usbd_conf.o(i.HAL_PCDEx_SetConnectionState)
    HAL_PCD_DataInStageCallback              0x0800230f   Thumb Code    18  usbd_conf.o(i.HAL_PCD_DataInStageCallback)
    HAL_PCD_DataOutStageCallback             0x08002321   Thumb Code    20  usbd_conf.o(i.HAL_PCD_DataOutStageCallback)
    HAL_PCD_EP_Close                         0x08002335   Thumb Code    74  stm32f1xx_hal_pcd.o(i.HAL_PCD_EP_Close)
    HAL_PCD_EP_ClrStall                      0x0800237f   Thumb Code    90  stm32f1xx_hal_pcd.o(i.HAL_PCD_EP_ClrStall)
    HAL_PCD_EP_GetRxCount                    0x080027f7   Thumb Code    18  stm32f1xx_hal_pcd.o(i.HAL_PCD_EP_GetRxCount)
    HAL_PCD_EP_Open                          0x08002809   Thumb Code    88  stm32f1xx_hal_pcd.o(i.HAL_PCD_EP_Open)
    HAL_PCD_EP_Receive                       0x08002861   Thumb Code    46  stm32f1xx_hal_pcd.o(i.HAL_PCD_EP_Receive)
    HAL_PCD_EP_SetStall                      0x0800288f   Thumb Code   112  stm32f1xx_hal_pcd.o(i.HAL_PCD_EP_SetStall)
    HAL_PCD_EP_Transmit                      0x080028ff   Thumb Code    46  stm32f1xx_hal_pcd.o(i.HAL_PCD_EP_Transmit)
    HAL_PCD_IRQHandler                       0x0800292d   Thumb Code   308  stm32f1xx_hal_pcd.o(i.HAL_PCD_IRQHandler)
    HAL_PCD_Init                             0x08002a61   Thumb Code   186  stm32f1xx_hal_pcd.o(i.HAL_PCD_Init)
    HAL_PCD_MspInit                          0x08002b1d   Thumb Code    50  usbd_conf.o(i.HAL_PCD_MspInit)
    HAL_PCD_ResetCallback                    0x08002b59   Thumb Code    38  usbd_conf.o(i.HAL_PCD_ResetCallback)
    HAL_PCD_ResumeCallback                   0x08002b7f   Thumb Code     8  usbd_conf.o(i.HAL_PCD_ResumeCallback)
    HAL_PCD_SOFCallback                      0x08002b87   Thumb Code     8  usbd_conf.o(i.HAL_PCD_SOFCallback)
    HAL_PCD_SetAddress                       0x08002b8f   Thumb Code    38  stm32f1xx_hal_pcd.o(i.HAL_PCD_SetAddress)
    HAL_PCD_SetupStageCallback               0x08002bb5   Thumb Code    14  usbd_conf.o(i.HAL_PCD_SetupStageCallback)
    HAL_PCD_Start                            0x08002bc3   Thumb Code    50  stm32f1xx_hal_pcd.o(i.HAL_PCD_Start)
    HAL_PCD_SuspendCallback                  0x08002bf5   Thumb Code    30  usbd_conf.o(i.HAL_PCD_SuspendCallback)
    HAL_RCCEx_PeriphCLKConfig                0x08002c19   Thumb Code   224  stm32f1xx_hal_rcc_ex.o(i.HAL_RCCEx_PeriphCLKConfig)
    HAL_RCC_ClockConfig                      0x08002d05   Thumb Code   280  stm32f1xx_hal_rcc.o(i.HAL_RCC_ClockConfig)
    HAL_RCC_GetPCLK1Freq                     0x08002e31   Thumb Code    20  stm32f1xx_hal_rcc.o(i.HAL_RCC_GetPCLK1Freq)
    HAL_RCC_GetPCLK2Freq                     0x08002e51   Thumb Code    20  stm32f1xx_hal_rcc.o(i.HAL_RCC_GetPCLK2Freq)
    HAL_RCC_GetSysClockFreq                  0x08002e71   Thumb Code    58  stm32f1xx_hal_rcc.o(i.HAL_RCC_GetSysClockFreq)
    HAL_RCC_OscConfig                        0x08002ebd   Thumb Code   778  stm32f1xx_hal_rcc.o(i.HAL_RCC_OscConfig)
    HAL_SPI_Init                             0x080031dd   Thumb Code   178  stm32f1xx_hal_spi.o(i.HAL_SPI_Init)
    HAL_SPI_MspInit                          0x08003291   Thumb Code    98  spi.o(i.HAL_SPI_MspInit)
    HAL_SYSTICK_Config                       0x08003301   Thumb Code    40  stm32f1xx_hal_cortex.o(i.HAL_SYSTICK_Config)
    HAL_UARTEx_RxEventCallback               0x08003329   Thumb Code     2  stm32f1xx_hal_uart.o(i.HAL_UARTEx_RxEventCallback)
    HAL_UART_ErrorCallback                   0x0800332d   Thumb Code    36  bsp_uart.o(i.HAL_UART_ErrorCallback)
    HAL_UART_IRQHandler                      0x08003365   Thumb Code   616  stm32f1xx_hal_uart.o(i.HAL_UART_IRQHandler)
    HAL_UART_Init                            0x080035d1   Thumb Code   100  stm32f1xx_hal_uart.o(i.HAL_UART_Init)
    HAL_UART_MspInit                         0x08003635   Thumb Code   198  usart.o(i.HAL_UART_MspInit)
    HAL_UART_Receive_IT                      0x0800370d   Thumb Code    28  stm32f1xx_hal_uart.o(i.HAL_UART_Receive_IT)
    HAL_UART_RxCpltCallback                  0x08003729   Thumb Code    98  bsp_uart.o(i.HAL_UART_RxCpltCallback)
    HAL_UART_TxCpltCallback                  0x080037a9   Thumb Code     2  stm32f1xx_hal_uart.o(i.HAL_UART_TxCpltCallback)
    HardFault_Handler                        0x080037ab   Thumb Code     2  stm32f1xx_it.o(i.HardFault_Handler)
    MX_ADC1_Init                             0x080037e5   Thumb Code    70  adc.o(i.MX_ADC1_Init)
    MX_GPIO_Init                             0x08003835   Thumb Code   284  gpio.o(i.MX_GPIO_Init)
    MX_SPI1_Init                             0x08003961   Thumb Code    62  spi.o(i.MX_SPI1_Init)
    MX_USART1_UART_Init                      0x080039a9   Thumb Code    48  usart.o(i.MX_USART1_UART_Init)
    MX_USART2_UART_Init                      0x080039e1   Thumb Code    56  usart.o(i.MX_USART2_UART_Init)
    MX_USB_DEVICE_Init                       0x08003a21   Thumb Code    66  usb_device.o(i.MX_USB_DEVICE_Init)
    MemManage_Handler                        0x08003a75   Thumb Code     2  stm32f1xx_it.o(i.MemManage_Handler)
    NMI_Handler                              0x08003a77   Thumb Code     2  stm32f1xx_it.o(i.NMI_Handler)
    PendSV_Handler                           0x08003e1f   Thumb Code     2  stm32f1xx_it.o(i.PendSV_Handler)
    SVC_Handler                              0x08003e21   Thumb Code     2  stm32f1xx_it.o(i.SVC_Handler)
    SysTick_Handler                          0x08003e23   Thumb Code     4  stm32f1xx_it.o(i.SysTick_Handler)
    SystemClock_Config                       0x08003e27   Thumb Code   124  main.o(i.SystemClock_Config)
    SystemInit                               0x08003ea3   Thumb Code     2  system_stm32f1xx.o(i.SystemInit)
    UART_Start_Receive_IT                    0x0800407d   Thumb Code    54  stm32f1xx_hal_uart.o(i.UART_Start_Receive_IT)
    USART1_IRQHandler                        0x080040b5   Thumb Code     6  stm32f1xx_it.o(i.USART1_IRQHandler)
    USART2_IRQHandler                        0x080040c1   Thumb Code     6  stm32f1xx_it.o(i.USART2_IRQHandler)
    USBD_CDC_GetDeviceQualifierDescriptor    0x080041a9   Thumb Code     8  usbd_cdc.o(i.USBD_CDC_GetDeviceQualifierDescriptor)
    USBD_CDC_ReceivePacket                   0x0800426d   Thumb Code    40  usbd_cdc.o(i.USBD_CDC_ReceivePacket)
    USBD_CDC_RegisterInterface               0x08004295   Thumb Code    16  usbd_cdc.o(i.USBD_CDC_RegisterInterface)
    USBD_CDC_SetRxBuffer                     0x080042a5   Thumb Code    12  usbd_cdc.o(i.USBD_CDC_SetRxBuffer)
    USBD_CDC_SetTxBuffer                     0x080042b1   Thumb Code    16  usbd_cdc.o(i.USBD_CDC_SetTxBuffer)
    USBD_CDC_TransmitPacket                  0x0800436d   Thumb Code    54  usbd_cdc.o(i.USBD_CDC_TransmitPacket)
    USBD_ClrClassConfig                      0x080043a3   Thumb Code    14  usbd_core.o(i.USBD_ClrClassConfig)
    USBD_CtlContinueRx                       0x080043b1   Thumb Code    16  usbd_ioreq.o(i.USBD_CtlContinueRx)
    USBD_CtlContinueSendData                 0x080043c1   Thumb Code    16  usbd_ioreq.o(i.USBD_CtlContinueSendData)
    USBD_CtlError                            0x080043d1   Thumb Code    22  usbd_ctlreq.o(i.USBD_CtlError)
    USBD_CtlPrepareRx                        0x080043e7   Thumb Code    30  usbd_ioreq.o(i.USBD_CtlPrepareRx)
    USBD_CtlReceiveStatus                    0x08004405   Thumb Code    22  usbd_ioreq.o(i.USBD_CtlReceiveStatus)
    USBD_CtlSendData                         0x0800441b   Thumb Code    26  usbd_ioreq.o(i.USBD_CtlSendData)
    USBD_CtlSendStatus                       0x08004435   Thumb Code    22  usbd_ioreq.o(i.USBD_CtlSendStatus)
    USBD_FS_ConfigStrDescriptor              0x0800444d   Thumb Code    16  usbd_desc.o(i.USBD_FS_ConfigStrDescriptor)
    USBD_FS_DeviceDescriptor                 0x0800446d   Thumb Code     8  usbd_desc.o(i.USBD_FS_DeviceDescriptor)
    USBD_FS_InterfaceStrDescriptor           0x08004479   Thumb Code    16  usbd_desc.o(i.USBD_FS_InterfaceStrDescriptor)
    USBD_FS_LangIDStrDescriptor              0x0800449d   Thumb Code     8  usbd_desc.o(i.USBD_FS_LangIDStrDescriptor)
    USBD_FS_ManufacturerStrDescriptor        0x080044a9   Thumb Code    16  usbd_desc.o(i.USBD_FS_ManufacturerStrDescriptor)
    USBD_FS_ProductStrDescriptor             0x080044d1   Thumb Code    16  usbd_desc.o(i.USBD_FS_ProductStrDescriptor)
    USBD_FS_SerialStrDescriptor              0x080044fd   Thumb Code    48  usbd_desc.o(i.USBD_FS_SerialStrDescriptor)
    USBD_GetString                           0x0800461d   Thumb Code    72  usbd_ctlreq.o(i.USBD_GetString)
    USBD_Init                                0x0800467d   Thumb Code    42  usbd_core.o(i.USBD_Init)
    USBD_LL_ClearStallEP                     0x080046a7   Thumb Code    18  usbd_conf.o(i.USBD_LL_ClearStallEP)
    USBD_LL_CloseEP                          0x080046b9   Thumb Code    18  usbd_conf.o(i.USBD_LL_CloseEP)
    USBD_LL_DataInStage                      0x080046cb   Thumb Code   198  usbd_core.o(i.USBD_LL_DataInStage)
    USBD_LL_DataOutStage                     0x08004791   Thumb Code   130  usbd_core.o(i.USBD_LL_DataOutStage)
    USBD_LL_GetRxDataSize                    0x08004813   Thumb Code     8  usbd_conf.o(i.USBD_LL_GetRxDataSize)
    USBD_LL_Init                             0x0800481d   Thumb Code   118  usbd_conf.o(i.USBD_LL_Init)
    USBD_LL_IsStallEP                        0x0800489d   Thumb Code    30  usbd_conf.o(i.USBD_LL_IsStallEP)
    USBD_LL_OpenEP                           0x080048bb   Thumb Code    24  usbd_conf.o(i.USBD_LL_OpenEP)
    USBD_LL_PrepareReceive                   0x080048d3   Thumb Code    18  usbd_conf.o(i.USBD_LL_PrepareReceive)
    USBD_LL_Reset                            0x080048e5   Thumb Code    80  usbd_core.o(i.USBD_LL_Reset)
    USBD_LL_Resume                           0x08004935   Thumb Code    20  usbd_core.o(i.USBD_LL_Resume)
    USBD_LL_SOF                              0x08004949   Thumb Code    24  usbd_core.o(i.USBD_LL_SOF)
    USBD_LL_SetSpeed                         0x08004961   Thumb Code     6  usbd_core.o(i.USBD_LL_SetSpeed)
    USBD_LL_SetUSBAddress                    0x08004967   Thumb Code    18  usbd_conf.o(i.USBD_LL_SetUSBAddress)
    USBD_LL_SetupStage                       0x08004979   Thumb Code    90  usbd_core.o(i.USBD_LL_SetupStage)
    USBD_LL_StallEP                          0x080049d3   Thumb Code    18  usbd_conf.o(i.USBD_LL_StallEP)
    USBD_LL_Start                            0x080049e5   Thumb Code    18  usbd_conf.o(i.USBD_LL_Start)
    USBD_LL_Suspend                          0x080049f7   Thumb Code    18  usbd_core.o(i.USBD_LL_Suspend)
    USBD_LL_Transmit                         0x08004a09   Thumb Code    18  usbd_conf.o(i.USBD_LL_Transmit)
    USBD_ParseSetupRequest                   0x08004a1b   Thumb Code    40  usbd_ctlreq.o(i.USBD_ParseSetupRequest)
    USBD_RegisterClass                       0x08004a43   Thumb Code    16  usbd_core.o(i.USBD_RegisterClass)
    USBD_SetClassConfig                      0x08004a53   Thumb Code    22  usbd_core.o(i.USBD_SetClassConfig)
    USBD_Start                               0x08004aed   Thumb Code    10  usbd_core.o(i.USBD_Start)
    USBD_StdDevReq                           0x08004af7   Thumb Code   274  usbd_ctlreq.o(i.USBD_StdDevReq)
    USBD_StdEPReq                            0x08004c09   Thumb Code   336  usbd_ctlreq.o(i.USBD_StdEPReq)
    USBD_StdItfReq                           0x08004d59   Thumb Code    78  usbd_ctlreq.o(i.USBD_StdItfReq)
    USBD_static_free                         0x08004da7   Thumb Code     2  usbd_conf.o(i.USBD_static_free)
    USBD_static_malloc                       0x08004da9   Thumb Code     4  usbd_conf.o(i.USBD_static_malloc)
    USB_ActivateEndpoint                     0x08004db1   Thumb Code   668  stm32f1xx_ll_usb.o(i.USB_ActivateEndpoint)
    USB_CoreInit                             0x0800504d   Thumb Code     4  stm32f1xx_ll_usb.o(i.USB_CoreInit)
    USB_DeactivateEndpoint                   0x08005051   Thumb Code   270  stm32f1xx_ll_usb.o(i.USB_DeactivateEndpoint)
    USB_DevConnect                           0x0800515f   Thumb Code     4  stm32f1xx_ll_usb.o(i.USB_DevConnect)
    USB_DevDisconnect                        0x08005163   Thumb Code     4  stm32f1xx_ll_usb.o(i.USB_DevDisconnect)
    USB_DevInit                              0x08005167   Thumb Code    18  stm32f1xx_ll_usb.o(i.USB_DevInit)
    USB_DisableGlobalInt                     0x08005179   Thumb Code    14  stm32f1xx_ll_usb.o(i.USB_DisableGlobalInt)
    USB_EP0_OutStart                         0x08005187   Thumb Code     4  stm32f1xx_ll_usb.o(i.USB_EP0_OutStart)
    USB_EPClearStall                         0x0800518b   Thumb Code   120  stm32f1xx_ll_usb.o(i.USB_EPClearStall)
    USB_EPSetStall                           0x08005203   Thumb Code    50  stm32f1xx_ll_usb.o(i.USB_EPSetStall)
    USB_EPStartXfer                          0x08005235   Thumb Code  1250  stm32f1xx_ll_usb.o(i.USB_EPStartXfer)
    USB_EnableGlobalInt                      0x08005717   Thumb Code    18  stm32f1xx_ll_usb.o(i.USB_EnableGlobalInt)
    USB_LP_CAN1_RX0_IRQHandler               0x08005729   Thumb Code     6  stm32f1xx_it.o(i.USB_LP_CAN1_RX0_IRQHandler)
    USB_ReadInterrupts                       0x08005735   Thumb Code     6  stm32f1xx_ll_usb.o(i.USB_ReadInterrupts)
    USB_ReadPMA                              0x0800573d   Thumb Code    44  stm32f1xx_ll_usb.o(i.USB_ReadPMA)
    USB_SetCurrentMode                       0x08005769   Thumb Code     4  stm32f1xx_ll_usb.o(i.USB_SetCurrentMode)
    USB_SetDevAddress                        0x0800576d   Thumb Code    12  stm32f1xx_ll_usb.o(i.USB_SetDevAddress)
    USB_WritePMA                             0x08005779   Thumb Code    38  stm32f1xx_ll_usb.o(i.USB_WritePMA)
    USB_printf                               0x0800579f   Thumb Code    32  main.o(i.USB_printf)
    UsageFault_Handler                       0x080057bf   Thumb Code     2  stm32f1xx_it.o(i.UsageFault_Handler)
    __ARM_fpclassify                         0x080057c1   Thumb Code    40  fpclassify.o(i.__ARM_fpclassify)
    _is_digit                                0x08005809   Thumb Code    14  __printf_wp.o(i._is_digit)
    main                                     0x08005819   Thumb Code    82  main.o(i.main)
    _get_lc_numeric                          0x08005911   Thumb Code    44  lc_numeric_c.o(locale$$code)
    _get_lc_ctype                            0x0800593d   Thumb Code    44  lc_ctype_c.o(locale$$code)
    _printf_fp_dec                           0x08005969   Thumb Code     4  printf1.o(x$fpl$printf1)
    _printf_fp_hex                           0x0800596d   Thumb Code     4  printf2.o(x$fpl$printf2)
    __I$use$fp                               0x08005970   Number         0  usenofp.o(x$fpl$usenofp)
    AHBPrescTable                            0x08005982   Data          16  system_stm32f1xx.o(.constdata)
    APBPrescTable                            0x08005992   Data           8  system_stm32f1xx.o(.constdata)
    Region$$Table$$Base                      0x08005a98   Number         0  anon$$obj.o(Region$$Table)
    Region$$Table$$Limit                     0x08005ab8   Number         0  anon$$obj.o(Region$$Table)
    __ctype                                  0x08005ae1   Data           0  lc_ctype_c.o(locale$$data)
    rx_data_u4                               0x20000000   Data           1  bsp_uart.o(.data)
    rx_data_u7                               0x20000001   Data           1  bsp_uart.o(.data)
    FS_Desc                                  0x20000004   Data          28  usbd_desc.o(.data)
    USBD_LangIDDesc                          0x20000020   Data           4  usbd_desc.o(.data)
    USBD_FS_DeviceDesc                       0x20000024   Data          18  usbd_desc.o(.data)
    USBD_StringSerial                        0x20000038   Data          26  usbd_desc.o(.data)
    USBD_Interface_fops_FS                   0x20000054   Data          16  usbd_cdc_if.o(.data)
    uwTickFreq                               0x20000064   Data           1  stm32f1xx_hal.o(.data)
    uwTickPrio                               0x20000068   Data           4  stm32f1xx_hal.o(.data)
    uwTick                                   0x2000006c   Data           4  stm32f1xx_hal.o(.data)
    SystemCoreClock                          0x20000070   Data           4  system_stm32f1xx.o(.data)
    USBD_CDC_CfgHSDesc                       0x20000084   Data          67  usbd_cdc.o(.data)
    USBD_CDC_CfgFSDesc                       0x200000c8   Data          67  usbd_cdc.o(.data)
    USBD_CDC_OtherSpeedCfgDesc               0x2000010c   Data          67  usbd_cdc.o(.data)
    USBD_CDC                                 0x20000150   Data          56  usbd_cdc.o(.data)
    hadc1                                    0x20000188   Data          48  adc.o(.bss)
    hspi1                                    0x200001b8   Data          88  spi.o(.bss)
    huart1                                   0x20000210   Data          72  usart.o(.bss)
    huart2                                   0x20000258   Data          72  usart.o(.bss)
    u4_fifo                                  0x200002a0   Data         260  bsp_uart.o(.bss)
    u7_fifo                                  0x200003a4   Data         260  bsp_uart.o(.bss)
    hUsbDeviceFS                             0x200004a8   Data         708  usb_device.o(.bss)
    USBD_StrDesc                             0x2000076c   Data         512  usbd_desc.o(.bss)
    UserRxBufferFS                           0x2000096c   Data         512  usbd_cdc_if.o(.bss)
    UserTxBufferFS                           0x20000b6c   Data         512  usbd_cdc_if.o(.bss)
    hpcd_USB_FS                              0x20000f8c   Data         728  usbd_conf.o(.bss)
    __libspace_start                         0x20001264   Data          96  libspace.o(.bss)
    __temporary_stack_top$libspace           0x200012c4   Data           0  libspace.o(.bss)



==============================================================================

Memory Map of the image

  Image Entry point : 0x080000ed

  Load Region LR_IROM1 (Base: 0x08000000, Size: 0x00005d6c, Max: 0x00008000, ABSOLUTE, COMPRESSED[0x00005ca4])

    Execution Region ER_IROM1 (Exec base: 0x08000000, Load base: 0x08000000, Size: 0x00005be4, Max: 0x00008000, ABSOLUTE)

    Exec Addr    Load Addr    Size         Type   Attr      Idx    E Section Name        Object

    0x08000000   0x08000000   0x000000ec   Data   RO            3    RESET               startup_stm32f103x6.o
    0x080000ec   0x080000ec   0x00000008   Code   RO         3853  * !!!main             c_w.l(__main.o)
    0x080000f4   0x080000f4   0x00000034   Code   RO         4180    !!!scatter          c_w.l(__scatter.o)
    0x08000128   0x08000128   0x0000005a   Code   RO         4178    !!dczerorl2         c_w.l(__dczerorl2.o)
    0x08000182   0x08000182   0x00000002   PAD
    0x08000184   0x08000184   0x0000001c   Code   RO         4182    !!handler_zi        c_w.l(__scatter_zi.o)
    0x080001a0   0x080001a0   0x00000000   Code   RO         3939    .ARM.Collect$$_printf_percent$$00000000  c_w.l(_printf_percent.o)
    0x080001a0   0x080001a0   0x00000006   Code   RO         3928    .ARM.Collect$$_printf_percent$$00000001  c_w.l(_printf_n.o)
    0x080001a6   0x080001a6   0x00000006   Code   RO         3930    .ARM.Collect$$_printf_percent$$00000002  c_w.l(_printf_p.o)
    0x080001ac   0x080001ac   0x00000006   Code   RO         3935    .ARM.Collect$$_printf_percent$$00000003  c_w.l(_printf_f.o)
    0x080001b2   0x080001b2   0x00000006   Code   RO         3936    .ARM.Collect$$_printf_percent$$00000004  c_w.l(_printf_e.o)
    0x080001b8   0x080001b8   0x00000006   Code   RO         3937    .ARM.Collect$$_printf_percent$$00000005  c_w.l(_printf_g.o)
    0x080001be   0x080001be   0x00000006   Code   RO         3938    .ARM.Collect$$_printf_percent$$00000006  c_w.l(_printf_a.o)
    0x080001c4   0x080001c4   0x0000000a   Code   RO         3943    .ARM.Collect$$_printf_percent$$00000007  c_w.l(_printf_ll.o)
    0x080001ce   0x080001ce   0x00000006   Code   RO         3932    .ARM.Collect$$_printf_percent$$00000008  c_w.l(_printf_i.o)
    0x080001d4   0x080001d4   0x00000006   Code   RO         3933    .ARM.Collect$$_printf_percent$$00000009  c_w.l(_printf_d.o)
    0x080001da   0x080001da   0x00000006   Code   RO         3934    .ARM.Collect$$_printf_percent$$0000000A  c_w.l(_printf_u.o)
    0x080001e0   0x080001e0   0x00000006   Code   RO         3931    .ARM.Collect$$_printf_percent$$0000000B  c_w.l(_printf_o.o)
    0x080001e6   0x080001e6   0x00000006   Code   RO         3929    .ARM.Collect$$_printf_percent$$0000000C  c_w.l(_printf_x.o)
    0x080001ec   0x080001ec   0x00000006   Code   RO         3940    .ARM.Collect$$_printf_percent$$0000000D  c_w.l(_printf_lli.o)
    0x080001f2   0x080001f2   0x00000006   Code   RO         3941    .ARM.Collect$$_printf_percent$$0000000E  c_w.l(_printf_lld.o)
    0x080001f8   0x080001f8   0x00000006   Code   RO         3942    .ARM.Collect$$_printf_percent$$0000000F  c_w.l(_printf_llu.o)
    0x080001fe   0x080001fe   0x00000006   Code   RO         3947    .ARM.Collect$$_printf_percent$$00000010  c_w.l(_printf_llo.o)
    0x08000204   0x08000204   0x00000006   Code   RO         3948    .ARM.Collect$$_printf_percent$$00000011  c_w.l(_printf_llx.o)
    0x0800020a   0x0800020a   0x0000000a   Code   RO         3944    .ARM.Collect$$_printf_percent$$00000012  c_w.l(_printf_l.o)
    0x08000214   0x08000214   0x00000006   Code   RO         3926    .ARM.Collect$$_printf_percent$$00000013  c_w.l(_printf_c.o)
    0x0800021a   0x0800021a   0x00000006   Code   RO         3927    .ARM.Collect$$_printf_percent$$00000014  c_w.l(_printf_s.o)
    0x08000220   0x08000220   0x00000006   Code   RO         3945    .ARM.Collect$$_printf_percent$$00000015  c_w.l(_printf_lc.o)
    0x08000226   0x08000226   0x00000006   Code   RO         3946    .ARM.Collect$$_printf_percent$$00000016  c_w.l(_printf_ls.o)
    0x0800022c   0x0800022c   0x00000004   Code   RO         3987    .ARM.Collect$$_printf_percent$$00000017  c_w.l(_printf_percent_end.o)
    0x08000230   0x08000230   0x00000002   Code   RO         4036    .ARM.Collect$$libinit$$00000000  c_w.l(libinit.o)
    0x08000232   0x08000232   0x00000000   Code   RO         4053    .ARM.Collect$$libinit$$00000002  c_w.l(libinit2.o)
    0x08000232   0x08000232   0x00000000   Code   RO         4055    .ARM.Collect$$libinit$$00000004  c_w.l(libinit2.o)
    0x08000232   0x08000232   0x00000000   Code   RO         4058    .ARM.Collect$$libinit$$0000000A  c_w.l(libinit2.o)
    0x08000232   0x08000232   0x00000000   Code   RO         4060    .ARM.Collect$$libinit$$0000000C  c_w.l(libinit2.o)
    0x08000232   0x08000232   0x00000000   Code   RO         4062    .ARM.Collect$$libinit$$0000000E  c_w.l(libinit2.o)
    0x08000232   0x08000232   0x00000006   Code   RO         4063    .ARM.Collect$$libinit$$0000000F  c_w.l(libinit2.o)
    0x08000238   0x08000238   0x00000000   Code   RO         4065    .ARM.Collect$$libinit$$00000011  c_w.l(libinit2.o)
    0x08000238   0x08000238   0x0000000c   Code   RO         4066    .ARM.Collect$$libinit$$00000012  c_w.l(libinit2.o)
    0x08000244   0x08000244   0x00000000   Code   RO         4067    .ARM.Collect$$libinit$$00000013  c_w.l(libinit2.o)
    0x08000244   0x08000244   0x00000000   Code   RO         4069    .ARM.Collect$$libinit$$00000015  c_w.l(libinit2.o)
    0x08000244   0x08000244   0x0000000a   Code   RO         4070    .ARM.Collect$$libinit$$00000016  c_w.l(libinit2.o)
    0x0800024e   0x0800024e   0x00000000   Code   RO         4071    .ARM.Collect$$libinit$$00000017  c_w.l(libinit2.o)
    0x0800024e   0x0800024e   0x00000000   Code   RO         4073    .ARM.Collect$$libinit$$00000019  c_w.l(libinit2.o)
    0x0800024e   0x0800024e   0x00000000   Code   RO         4075    .ARM.Collect$$libinit$$0000001B  c_w.l(libinit2.o)
    0x0800024e   0x0800024e   0x00000000   Code   RO         4077    .ARM.Collect$$libinit$$0000001D  c_w.l(libinit2.o)
    0x0800024e   0x0800024e   0x00000000   Code   RO         4079    .ARM.Collect$$libinit$$0000001F  c_w.l(libinit2.o)
    0x0800024e   0x0800024e   0x00000000   Code   RO         4081    .ARM.Collect$$libinit$$00000021  c_w.l(libinit2.o)
    0x0800024e   0x0800024e   0x00000000   Code   RO         4083    .ARM.Collect$$libinit$$00000023  c_w.l(libinit2.o)
    0x0800024e   0x0800024e   0x00000000   Code   RO         4085    .ARM.Collect$$libinit$$00000025  c_w.l(libinit2.o)
    0x0800024e   0x0800024e   0x00000000   Code   RO         4089    .ARM.Collect$$libinit$$0000002C  c_w.l(libinit2.o)
    0x0800024e   0x0800024e   0x00000000   Code   RO         4091    .ARM.Collect$$libinit$$0000002E  c_w.l(libinit2.o)
    0x0800024e   0x0800024e   0x00000000   Code   RO         4093    .ARM.Collect$$libinit$$00000030  c_w.l(libinit2.o)
    0x0800024e   0x0800024e   0x00000000   Code   RO         4095    .ARM.Collect$$libinit$$00000032  c_w.l(libinit2.o)
    0x0800024e   0x0800024e   0x00000002   Code   RO         4096    .ARM.Collect$$libinit$$00000033  c_w.l(libinit2.o)
    0x08000250   0x08000250   0x00000002   Code   RO         4116    .ARM.Collect$$libshutdown$$00000000  c_w.l(libshutdown.o)
    0x08000252   0x08000252   0x00000000   Code   RO         4129    .ARM.Collect$$libshutdown$$00000002  c_w.l(libshutdown2.o)
    0x08000252   0x08000252   0x00000000   Code   RO         4131    .ARM.Collect$$libshutdown$$00000004  c_w.l(libshutdown2.o)
    0x08000252   0x08000252   0x00000000   Code   RO         4133    .ARM.Collect$$libshutdown$$00000006  c_w.l(libshutdown2.o)
    0x08000252   0x08000252   0x00000000   Code   RO         4136    .ARM.Collect$$libshutdown$$00000009  c_w.l(libshutdown2.o)
    0x08000252   0x08000252   0x00000000   Code   RO         4139    .ARM.Collect$$libshutdown$$0000000C  c_w.l(libshutdown2.o)
    0x08000252   0x08000252   0x00000000   Code   RO         4141    .ARM.Collect$$libshutdown$$0000000E  c_w.l(libshutdown2.o)
    0x08000252   0x08000252   0x00000000   Code   RO         4144    .ARM.Collect$$libshutdown$$00000011  c_w.l(libshutdown2.o)
    0x08000252   0x08000252   0x00000002   Code   RO         4145    .ARM.Collect$$libshutdown$$00000012  c_w.l(libshutdown2.o)
    0x08000254   0x08000254   0x00000000   Code   RO         3855    .ARM.Collect$$rtentry$$00000000  c_w.l(__rtentry.o)
    0x08000254   0x08000254   0x00000000   Code   RO         3958    .ARM.Collect$$rtentry$$00000002  c_w.l(__rtentry2.o)
    0x08000254   0x08000254   0x00000006   Code   RO         3970    .ARM.Collect$$rtentry$$00000004  c_w.l(__rtentry4.o)
    0x0800025a   0x0800025a   0x00000000   Code   RO         3960    .ARM.Collect$$rtentry$$00000009  c_w.l(__rtentry2.o)
    0x0800025a   0x0800025a   0x00000004   Code   RO         3961    .ARM.Collect$$rtentry$$0000000A  c_w.l(__rtentry2.o)
    0x0800025e   0x0800025e   0x00000000   Code   RO         3963    .ARM.Collect$$rtentry$$0000000C  c_w.l(__rtentry2.o)
    0x0800025e   0x0800025e   0x00000008   Code   RO         3964    .ARM.Collect$$rtentry$$0000000D  c_w.l(__rtentry2.o)
    0x08000266   0x08000266   0x00000002   Code   RO         4045    .ARM.Collect$$rtexit$$00000000  c_w.l(rtexit.o)
    0x08000268   0x08000268   0x00000000   Code   RO         4098    .ARM.Collect$$rtexit$$00000002  c_w.l(rtexit2.o)
    0x08000268   0x08000268   0x00000004   Code   RO         4099    .ARM.Collect$$rtexit$$00000003  c_w.l(rtexit2.o)
    0x0800026c   0x0800026c   0x00000006   Code   RO         4100    .ARM.Collect$$rtexit$$00000004  c_w.l(rtexit2.o)
    0x08000272   0x08000272   0x00000002   PAD
    0x08000274   0x08000274   0x00000040   Code   RO            4    .text               startup_stm32f103x6.o
    0x080002b4   0x080002b4   0x00000034   Code   RO         3847    .text               c_w.l(vsnprintf.o)
    0x080002e8   0x080002e8   0x0000004e   Code   RO         3849    .text               c_w.l(rt_memclr_w.o)
    0x08000336   0x08000336   0x00000006   Code   RO         3851    .text               c_w.l(heapauxi.o)
    0x0800033c   0x0800033c   0x0000004e   Code   RO         3858    .text               c_w.l(_printf_pad.o)
    0x0800038a   0x0800038a   0x00000024   Code   RO         3860    .text               c_w.l(_printf_truncate.o)
    0x080003ae   0x080003ae   0x00000052   Code   RO         3862    .text               c_w.l(_printf_str.o)
    0x08000400   0x08000400   0x00000078   Code   RO         3864    .text               c_w.l(_printf_dec.o)
    0x08000478   0x08000478   0x00000028   Code   RO         3866    .text               c_w.l(_printf_charcount.o)
    0x080004a0   0x080004a0   0x00000030   Code   RO         3868    .text               c_w.l(_printf_char_common.o)
    0x080004d0   0x080004d0   0x0000000a   Code   RO         3870    .text               c_w.l(_sputc.o)
    0x080004da   0x080004da   0x00000010   Code   RO         3872    .text               c_w.l(_snputc.o)
    0x080004ea   0x080004ea   0x00000002   PAD
    0x080004ec   0x080004ec   0x000000bc   Code   RO         3874    .text               c_w.l(_printf_wctomb.o)
    0x080005a8   0x080005a8   0x0000007c   Code   RO         3877    .text               c_w.l(_printf_longlong_dec.o)
    0x08000624   0x08000624   0x00000070   Code   RO         3883    .text               c_w.l(_printf_oct_int_ll.o)
    0x08000694   0x08000694   0x00000094   Code   RO         3903    .text               c_w.l(_printf_hex_int_ll_ptr.o)
    0x08000728   0x08000728   0x00000188   Code   RO         3923    .text               c_w.l(__printf_flags_ss_wp.o)
    0x080008b0   0x080008b0   0x0000008a   Code   RO         3972    .text               c_w.l(lludiv10.o)
    0x0800093a   0x0800093a   0x000000b2   Code   RO         3974    .text               c_w.l(_printf_intcommon.o)
    0x080009ec   0x080009ec   0x0000041e   Code   RO         3976    .text               c_w.l(_printf_fp_dec.o)
    0x08000e0a   0x08000e0a   0x00000002   PAD
    0x08000e0c   0x08000e0c   0x000002fc   Code   RO         3978    .text               c_w.l(_printf_fp_hex.o)
    0x08001108   0x08001108   0x0000002c   Code   RO         3983    .text               c_w.l(_printf_char.o)
    0x08001134   0x08001134   0x0000002c   Code   RO         3985    .text               c_w.l(_printf_wchar.o)
    0x08001160   0x08001160   0x00000040   Code   RO         3988    .text               c_w.l(_wcrtomb.o)
    0x080011a0   0x080011a0   0x0000004a   Code   RO         3990    .text               c_w.l(sys_stackheap_outer.o)
    0x080011ea   0x080011ea   0x00000002   PAD
    0x080011ec   0x080011ec   0x00000010   Code   RO         3992    .text               c_w.l(rt_ctype_table.o)
    0x080011fc   0x080011fc   0x00000008   Code   RO         3997    .text               c_w.l(rt_locale_intlibspace.o)
    0x08001204   0x08001204   0x00000080   Code   RO         3999    .text               c_w.l(_printf_fp_infnan.o)
    0x08001284   0x08001284   0x000000e4   Code   RO         4001    .text               c_w.l(bigflt0.o)
    0x08001368   0x08001368   0x00000012   Code   RO         4029    .text               c_w.l(exit.o)
    0x0800137a   0x0800137a   0x00000002   PAD
    0x0800137c   0x0800137c   0x00000008   Code   RO         4042    .text               c_w.l(libspace.o)
    0x08001384   0x08001384   0x00000080   Code   RO         4050    .text               c_w.l(strcmpv7m.o)
    0x08001404   0x08001404   0x0000000c   Code   RO         4108    .text               c_w.l(sys_exit.o)
    0x08001410   0x08001410   0x00000002   Code   RO         4119    .text               c_w.l(use_no_semi.o)
    0x08001412   0x08001412   0x00000000   Code   RO         4121    .text               c_w.l(indicate_semi.o)
    0x08001412   0x08001412   0x0000003e   Code   RO         4004    CL$$btod_d2e        c_w.l(btod.o)
    0x08001450   0x08001450   0x00000046   Code   RO         4006    CL$$btod_d2e_denorm_low  c_w.l(btod.o)
    0x08001496   0x08001496   0x00000060   Code   RO         4005    CL$$btod_d2e_norm_op1  c_w.l(btod.o)
    0x080014f6   0x080014f6   0x00000338   Code   RO         4014    CL$$btod_div_common  c_w.l(btod.o)
    0x0800182e   0x0800182e   0x000000dc   Code   RO         4011    CL$$btod_e2e        c_w.l(btod.o)
    0x0800190a   0x0800190a   0x0000002a   Code   RO         4008    CL$$btod_ediv       c_w.l(btod.o)
    0x08001934   0x08001934   0x0000002a   Code   RO         4007    CL$$btod_emul       c_w.l(btod.o)
    0x0800195e   0x0800195e   0x00000244   Code   RO         4013    CL$$btod_mult_common  c_w.l(btod.o)
    0x08001ba2   0x08001ba2   0x00000002   PAD
    0x08001ba4   0x08001ba4   0x00000056   Code   RO         2478    i.ADC_ConversionStop_Disable  stm32f1xx_hal_adc.o
    0x08001bfa   0x08001bfa   0x00000002   Code   RO          434    i.BusFault_Handler  stm32f1xx_it.o
    0x08001bfc   0x08001bfc   0x00000004   Code   RO          747    i.CDC_Control_FS    usbd_cdc_if.o
    0x08001c00   0x08001c00   0x00000004   Code   RO          748    i.CDC_DeInit_FS     usbd_cdc_if.o
    0x08001c04   0x08001c04   0x00000024   Code   RO          749    i.CDC_Init_FS       usbd_cdc_if.o
    0x08001c28   0x08001c28   0x00000028   Code   RO          750    i.CDC_Receive_FS    usbd_cdc_if.o
    0x08001c50   0x08001c50   0x0000002c   Code   RO          751    i.CDC_Transmit_FS   usbd_cdc_if.o
    0x08001c7c   0x08001c7c   0x00000002   Code   RO          435    i.DebugMon_Handler  stm32f1xx_it.o
    0x08001c7e   0x08001c7e   0x00000004   Code   RO          176    i.Error_Handler     main.o
    0x08001c82   0x08001c82   0x00000002   PAD
    0x08001c84   0x08001c84   0x000000fc   Code   RO         2484    i.HAL_ADC_ConfigChannel  stm32f1xx_hal_adc.o
    0x08001d80   0x08001d80   0x0000011c   Code   RO         2493    i.HAL_ADC_Init      stm32f1xx_hal_adc.o
    0x08001e9c   0x08001e9c   0x00000028   Code   RO          303    i.HAL_ADC_MspInit   adc.o
    0x08001ec4   0x08001ec4   0x00000046   Code   RO         1892    i.HAL_DMA_Abort     stm32f1xx_hal_dma.o
    0x08001f0a   0x08001f0a   0x00000002   PAD
    0x08001f0c   0x08001f0c   0x00000098   Code   RO         1893    i.HAL_DMA_Abort_IT  stm32f1xx_hal_dma.o
    0x08001fa4   0x08001fa4   0x00000024   Code   RO         1518    i.HAL_Delay         stm32f1xx_hal.o
    0x08001fc8   0x08001fc8   0x000001c0   Code   RO         1828    i.HAL_GPIO_Init     stm32f1xx_hal_gpio.o
    0x08002188   0x08002188   0x0000000a   Code   RO         1832    i.HAL_GPIO_WritePin  stm32f1xx_hal_gpio.o
    0x08002192   0x08002192   0x00000002   PAD
    0x08002194   0x08002194   0x0000000c   Code   RO         1522    i.HAL_GetTick       stm32f1xx_hal.o
    0x080021a0   0x080021a0   0x00000010   Code   RO         1528    i.HAL_IncTick       stm32f1xx_hal.o
    0x080021b0   0x080021b0   0x00000024   Code   RO         1529    i.HAL_Init          stm32f1xx_hal.o
    0x080021d4   0x080021d4   0x00000040   Code   RO         1530    i.HAL_InitTick      stm32f1xx_hal.o
    0x08002214   0x08002214   0x0000003c   Code   RO          528    i.HAL_MspInit       stm32f1xx_hal_msp.o
    0x08002250   0x08002250   0x0000001a   Code   RO         1988    i.HAL_NVIC_EnableIRQ  stm32f1xx_hal_cortex.o
    0x0800226a   0x0800226a   0x00000002   PAD
    0x0800226c   0x0800226c   0x00000040   Code   RO         1994    i.HAL_NVIC_SetPriority  stm32f1xx_hal_cortex.o
    0x080022ac   0x080022ac   0x00000024   Code   RO         1995    i.HAL_NVIC_SetPriorityGrouping  stm32f1xx_hal_cortex.o
    0x080022d0   0x080022d0   0x0000003c   Code   RO         1285    i.HAL_PCDEx_PMAConfig  stm32f1xx_hal_pcd_ex.o
    0x0800230c   0x0800230c   0x00000002   Code   RO          798    i.HAL_PCDEx_SetConnectionState  usbd_conf.o
    0x0800230e   0x0800230e   0x00000012   Code   RO          800    i.HAL_PCD_DataInStageCallback  usbd_conf.o
    0x08002320   0x08002320   0x00000014   Code   RO          801    i.HAL_PCD_DataOutStageCallback  usbd_conf.o
    0x08002334   0x08002334   0x0000004a   Code   RO         1056    i.HAL_PCD_EP_Close  stm32f1xx_hal_pcd.o
    0x0800237e   0x0800237e   0x0000005a   Code   RO         1057    i.HAL_PCD_EP_ClrStall  stm32f1xx_hal_pcd.o
    0x080023d8   0x080023d8   0x000000e6   Code   RO         1058    i.HAL_PCD_EP_DB_Receive  stm32f1xx_hal_pcd.o
    0x080024be   0x080024be   0x00000338   Code   RO         1059    i.HAL_PCD_EP_DB_Transmit  stm32f1xx_hal_pcd.o
    0x080027f6   0x080027f6   0x00000012   Code   RO         1061    i.HAL_PCD_EP_GetRxCount  stm32f1xx_hal_pcd.o
    0x08002808   0x08002808   0x00000058   Code   RO         1062    i.HAL_PCD_EP_Open   stm32f1xx_hal_pcd.o
    0x08002860   0x08002860   0x0000002e   Code   RO         1063    i.HAL_PCD_EP_Receive  stm32f1xx_hal_pcd.o
    0x0800288e   0x0800288e   0x00000070   Code   RO         1064    i.HAL_PCD_EP_SetStall  stm32f1xx_hal_pcd.o
    0x080028fe   0x080028fe   0x0000002e   Code   RO         1065    i.HAL_PCD_EP_Transmit  stm32f1xx_hal_pcd.o
    0x0800292c   0x0800292c   0x00000134   Code   RO         1067    i.HAL_PCD_IRQHandler  stm32f1xx_hal_pcd.o
    0x08002a60   0x08002a60   0x000000ba   Code   RO         1070    i.HAL_PCD_Init      stm32f1xx_hal_pcd.o
    0x08002b1a   0x08002b1a   0x00000002   PAD
    0x08002b1c   0x08002b1c   0x0000003c   Code   RO          806    i.HAL_PCD_MspInit   usbd_conf.o
    0x08002b58   0x08002b58   0x00000026   Code   RO          807    i.HAL_PCD_ResetCallback  usbd_conf.o
    0x08002b7e   0x08002b7e   0x00000008   Code   RO          808    i.HAL_PCD_ResumeCallback  usbd_conf.o
    0x08002b86   0x08002b86   0x00000008   Code   RO          809    i.HAL_PCD_SOFCallback  usbd_conf.o
    0x08002b8e   0x08002b8e   0x00000026   Code   RO         1076    i.HAL_PCD_SetAddress  stm32f1xx_hal_pcd.o
    0x08002bb4   0x08002bb4   0x0000000e   Code   RO          810    i.HAL_PCD_SetupStageCallback  usbd_conf.o
    0x08002bc2   0x08002bc2   0x00000032   Code   RO         1078    i.HAL_PCD_Start     stm32f1xx_hal_pcd.o
    0x08002bf4   0x08002bf4   0x00000024   Code   RO          811    i.HAL_PCD_SuspendCallback  usbd_conf.o
    0x08002c18   0x08002c18   0x000000ec   Code   RO         1790    i.HAL_RCCEx_PeriphCLKConfig  stm32f1xx_hal_rcc_ex.o
    0x08002d04   0x08002d04   0x0000012c   Code   RO         1686    i.HAL_RCC_ClockConfig  stm32f1xx_hal_rcc.o
    0x08002e30   0x08002e30   0x00000020   Code   RO         1693    i.HAL_RCC_GetPCLK1Freq  stm32f1xx_hal_rcc.o
    0x08002e50   0x08002e50   0x00000020   Code   RO         1694    i.HAL_RCC_GetPCLK2Freq  stm32f1xx_hal_rcc.o
    0x08002e70   0x08002e70   0x0000004c   Code   RO         1695    i.HAL_RCC_GetSysClockFreq  stm32f1xx_hal_rcc.o
    0x08002ebc   0x08002ebc   0x00000320   Code   RO         1698    i.HAL_RCC_OscConfig  stm32f1xx_hal_rcc.o
    0x080031dc   0x080031dc   0x000000b2   Code   RO         2765    i.HAL_SPI_Init      stm32f1xx_hal_spi.o
    0x0800328e   0x0800328e   0x00000002   PAD
    0x08003290   0x08003290   0x00000070   Code   RO          345    i.HAL_SPI_MspInit   spi.o
    0x08003300   0x08003300   0x00000028   Code   RO         1999    i.HAL_SYSTICK_Config  stm32f1xx_hal_cortex.o
    0x08003328   0x08003328   0x00000002   Code   RO         3088    i.HAL_UARTEx_RxEventCallback  stm32f1xx_hal_uart.o
    0x0800332a   0x0800332a   0x00000002   PAD
    0x0800332c   0x0800332c   0x00000038   Code   RO          553    i.HAL_UART_ErrorCallback  bsp_uart.o
    0x08003364   0x08003364   0x0000026c   Code   RO         3105    i.HAL_UART_IRQHandler  stm32f1xx_hal_uart.o
    0x080035d0   0x080035d0   0x00000064   Code   RO         3106    i.HAL_UART_Init     stm32f1xx_hal_uart.o
    0x08003634   0x08003634   0x000000d8   Code   RO          387    i.HAL_UART_MspInit  usart.o
    0x0800370c   0x0800370c   0x0000001c   Code   RO         3111    i.HAL_UART_Receive_IT  stm32f1xx_hal_uart.o
    0x08003728   0x08003728   0x00000080   Code   RO          554    i.HAL_UART_RxCpltCallback  bsp_uart.o
    0x080037a8   0x080037a8   0x00000002   Code   RO         3117    i.HAL_UART_TxCpltCallback  stm32f1xx_hal_uart.o
    0x080037aa   0x080037aa   0x00000002   Code   RO          436    i.HardFault_Handler  stm32f1xx_it.o
    0x080037ac   0x080037ac   0x00000038   Code   RO          661    i.IntToUnicode      usbd_desc.o
    0x080037e4   0x080037e4   0x00000050   Code   RO          304    i.MX_ADC1_Init      adc.o
    0x08003834   0x08003834   0x0000012c   Code   RO          278    i.MX_GPIO_Init      gpio.o
    0x08003960   0x08003960   0x00000048   Code   RO          346    i.MX_SPI1_Init      spi.o
    0x080039a8   0x080039a8   0x00000038   Code   RO          388    i.MX_USART1_UART_Init  usart.o
    0x080039e0   0x080039e0   0x00000040   Code   RO          389    i.MX_USART2_UART_Init  usart.o
    0x08003a20   0x08003a20   0x00000054   Code   RO          626    i.MX_USB_DEVICE_Init  usb_device.o
    0x08003a74   0x08003a74   0x00000002   Code   RO          437    i.MemManage_Handler  stm32f1xx_it.o
    0x08003a76   0x08003a76   0x00000002   Code   RO          438    i.NMI_Handler       stm32f1xx_it.o
    0x08003a78   0x08003a78   0x000003a6   Code   RO         1082    i.PCD_EP_ISR_Handler  stm32f1xx_hal_pcd.o
    0x08003e1e   0x08003e1e   0x00000002   Code   RO          439    i.PendSV_Handler    stm32f1xx_it.o
    0x08003e20   0x08003e20   0x00000002   Code   RO          440    i.SVC_Handler       stm32f1xx_it.o
    0x08003e22   0x08003e22   0x00000004   Code   RO          441    i.SysTick_Handler   stm32f1xx_it.o
    0x08003e26   0x08003e26   0x0000007c   Code   RO          177    i.SystemClock_Config  main.o
    0x08003ea2   0x08003ea2   0x00000002   Code   RO         3440    i.SystemInit        system_stm32f1xx.o
    0x08003ea4   0x08003ea4   0x00000010   Code   RO         3119    i.UART_DMAAbortOnError  stm32f1xx_hal_uart.o
    0x08003eb4   0x08003eb4   0x0000004e   Code   RO         3129    i.UART_EndRxTransfer  stm32f1xx_hal_uart.o
    0x08003f02   0x08003f02   0x000000c2   Code   RO         3131    i.UART_Receive_IT   stm32f1xx_hal_uart.o
    0x08003fc4   0x08003fc4   0x000000b8   Code   RO         3132    i.UART_SetConfig    stm32f1xx_hal_uart.o
    0x0800407c   0x0800407c   0x00000036   Code   RO         3134    i.UART_Start_Receive_IT  stm32f1xx_hal_uart.o
    0x080040b2   0x080040b2   0x00000002   PAD
    0x080040b4   0x080040b4   0x0000000c   Code   RO          442    i.USART1_IRQHandler  stm32f1xx_it.o
    0x080040c0   0x080040c0   0x0000000c   Code   RO          443    i.USART2_IRQHandler  stm32f1xx_it.o
    0x080040cc   0x080040cc   0x00000046   Code   RO         3740    i.USBD_CDC_DataIn   usbd_cdc.o
    0x08004112   0x08004112   0x0000002e   Code   RO         3741    i.USBD_CDC_DataOut  usbd_cdc.o
    0x08004140   0x08004140   0x00000044   Code   RO         3742    i.USBD_CDC_DeInit   usbd_cdc.o
    0x08004184   0x08004184   0x00000024   Code   RO         3743    i.USBD_CDC_EP0_RxReady  usbd_cdc.o
    0x080041a8   0x080041a8   0x0000000c   Code   RO         3744    i.USBD_CDC_GetDeviceQualifierDescriptor  usbd_cdc.o
    0x080041b4   0x080041b4   0x0000000c   Code   RO         3745    i.USBD_CDC_GetFSCfgDesc  usbd_cdc.o
    0x080041c0   0x080041c0   0x0000000c   Code   RO         3746    i.USBD_CDC_GetHSCfgDesc  usbd_cdc.o
    0x080041cc   0x080041cc   0x0000000c   Code   RO         3747    i.USBD_CDC_GetOtherSpeedCfgDesc  usbd_cdc.o
    0x080041d8   0x080041d8   0x00000094   Code   RO         3748    i.USBD_CDC_Init     usbd_cdc.o
    0x0800426c   0x0800426c   0x00000028   Code   RO         3749    i.USBD_CDC_ReceivePacket  usbd_cdc.o
    0x08004294   0x08004294   0x00000010   Code   RO         3750    i.USBD_CDC_RegisterInterface  usbd_cdc.o
    0x080042a4   0x080042a4   0x0000000c   Code   RO         3751    i.USBD_CDC_SetRxBuffer  usbd_cdc.o
    0x080042b0   0x080042b0   0x00000010   Code   RO         3752    i.USBD_CDC_SetTxBuffer  usbd_cdc.o
    0x080042c0   0x080042c0   0x000000ac   Code   RO         3753    i.USBD_CDC_Setup    usbd_cdc.o
    0x0800436c   0x0800436c   0x00000036   Code   RO         3754    i.USBD_CDC_TransmitPacket  usbd_cdc.o
    0x080043a2   0x080043a2   0x0000000e   Code   RO         3477    i.USBD_ClrClassConfig  usbd_core.o
    0x080043b0   0x080043b0   0x00000010   Code   RO         3680    i.USBD_CtlContinueRx  usbd_ioreq.o
    0x080043c0   0x080043c0   0x00000010   Code   RO         3681    i.USBD_CtlContinueSendData  usbd_ioreq.o
    0x080043d0   0x080043d0   0x00000016   Code   RO         3615    i.USBD_CtlError     usbd_ctlreq.o
    0x080043e6   0x080043e6   0x0000001e   Code   RO         3682    i.USBD_CtlPrepareRx  usbd_ioreq.o
    0x08004404   0x08004404   0x00000016   Code   RO         3683    i.USBD_CtlReceiveStatus  usbd_ioreq.o
    0x0800441a   0x0800441a   0x0000001a   Code   RO         3684    i.USBD_CtlSendData  usbd_ioreq.o
    0x08004434   0x08004434   0x00000016   Code   RO         3685    i.USBD_CtlSendStatus  usbd_ioreq.o
    0x0800444a   0x0800444a   0x00000002   PAD
    0x0800444c   0x0800444c   0x00000020   Code   RO          662    i.USBD_FS_ConfigStrDescriptor  usbd_desc.o
    0x0800446c   0x0800446c   0x0000000c   Code   RO          663    i.USBD_FS_DeviceDescriptor  usbd_desc.o
    0x08004478   0x08004478   0x00000024   Code   RO          664    i.USBD_FS_InterfaceStrDescriptor  usbd_desc.o
    0x0800449c   0x0800449c   0x0000000c   Code   RO          665    i.USBD_FS_LangIDStrDescriptor  usbd_desc.o
    0x080044a8   0x080044a8   0x00000028   Code   RO          666    i.USBD_FS_ManufacturerStrDescriptor  usbd_desc.o
    0x080044d0   0x080044d0   0x0000002c   Code   RO          667    i.USBD_FS_ProductStrDescriptor  usbd_desc.o
    0x080044fc   0x080044fc   0x00000038   Code   RO          668    i.USBD_FS_SerialStrDescriptor  usbd_desc.o
    0x08004534   0x08004534   0x000000e8   Code   RO         3616    i.USBD_GetDescriptor  usbd_ctlreq.o
    0x0800461c   0x0800461c   0x00000048   Code   RO         3617    i.USBD_GetString    usbd_ctlreq.o
    0x08004664   0x08004664   0x00000018   Code   RO          812    i.USBD_Get_USB_Status  usbd_conf.o
    0x0800467c   0x0800467c   0x0000002a   Code   RO         3479    i.USBD_Init         usbd_core.o
    0x080046a6   0x080046a6   0x00000012   Code   RO          813    i.USBD_LL_ClearStallEP  usbd_conf.o
    0x080046b8   0x080046b8   0x00000012   Code   RO          814    i.USBD_LL_CloseEP   usbd_conf.o
    0x080046ca   0x080046ca   0x000000c6   Code   RO         3480    i.USBD_LL_DataInStage  usbd_core.o
    0x08004790   0x08004790   0x00000082   Code   RO         3481    i.USBD_LL_DataOutStage  usbd_core.o
    0x08004812   0x08004812   0x00000008   Code   RO          818    i.USBD_LL_GetRxDataSize  usbd_conf.o
    0x0800481a   0x0800481a   0x00000002   PAD
    0x0800481c   0x0800481c   0x00000080   Code   RO          819    i.USBD_LL_Init      usbd_conf.o
    0x0800489c   0x0800489c   0x0000001e   Code   RO          820    i.USBD_LL_IsStallEP  usbd_conf.o
    0x080048ba   0x080048ba   0x00000018   Code   RO          821    i.USBD_LL_OpenEP    usbd_conf.o
    0x080048d2   0x080048d2   0x00000012   Code   RO          822    i.USBD_LL_PrepareReceive  usbd_conf.o
    0x080048e4   0x080048e4   0x00000050   Code   RO         3486    i.USBD_LL_Reset     usbd_core.o
    0x08004934   0x08004934   0x00000014   Code   RO         3487    i.USBD_LL_Resume    usbd_core.o
    0x08004948   0x08004948   0x00000018   Code   RO         3488    i.USBD_LL_SOF       usbd_core.o
    0x08004960   0x08004960   0x00000006   Code   RO         3489    i.USBD_LL_SetSpeed  usbd_core.o
    0x08004966   0x08004966   0x00000012   Code   RO          823    i.USBD_LL_SetUSBAddress  usbd_conf.o
    0x08004978   0x08004978   0x0000005a   Code   RO         3490    i.USBD_LL_SetupStage  usbd_core.o
    0x080049d2   0x080049d2   0x00000012   Code   RO          824    i.USBD_LL_StallEP   usbd_conf.o
    0x080049e4   0x080049e4   0x00000012   Code   RO          825    i.USBD_LL_Start     usbd_conf.o
    0x080049f6   0x080049f6   0x00000012   Code   RO         3491    i.USBD_LL_Suspend   usbd_core.o
    0x08004a08   0x08004a08   0x00000012   Code   RO          827    i.USBD_LL_Transmit  usbd_conf.o
    0x08004a1a   0x08004a1a   0x00000028   Code   RO         3618    i.USBD_ParseSetupRequest  usbd_ctlreq.o
    0x08004a42   0x08004a42   0x00000010   Code   RO         3492    i.USBD_RegisterClass  usbd_core.o
    0x08004a52   0x08004a52   0x00000016   Code   RO         3494    i.USBD_SetClassConfig  usbd_core.o
    0x08004a68   0x08004a68   0x00000084   Code   RO         3619    i.USBD_SetConfig    usbd_ctlreq.o
    0x08004aec   0x08004aec   0x0000000a   Code   RO         3495    i.USBD_Start        usbd_core.o
    0x08004af6   0x08004af6   0x00000112   Code   RO         3620    i.USBD_StdDevReq    usbd_ctlreq.o
    0x08004c08   0x08004c08   0x00000150   Code   RO         3621    i.USBD_StdEPReq     usbd_ctlreq.o
    0x08004d58   0x08004d58   0x0000004e   Code   RO         3622    i.USBD_StdItfReq    usbd_ctlreq.o
    0x08004da6   0x08004da6   0x00000002   Code   RO          828    i.USBD_static_free  usbd_conf.o
    0x08004da8   0x08004da8   0x00000008   Code   RO          829    i.USBD_static_malloc  usbd_conf.o
    0x08004db0   0x08004db0   0x0000029c   Code   RO         1325    i.USB_ActivateEndpoint  stm32f1xx_ll_usb.o
    0x0800504c   0x0800504c   0x00000004   Code   RO         1328    i.USB_CoreInit      stm32f1xx_ll_usb.o
    0x08005050   0x08005050   0x0000010e   Code   RO         1330    i.USB_DeactivateEndpoint  stm32f1xx_ll_usb.o
    0x0800515e   0x0800515e   0x00000004   Code   RO         1331    i.USB_DevConnect    stm32f1xx_ll_usb.o
    0x08005162   0x08005162   0x00000004   Code   RO         1332    i.USB_DevDisconnect  stm32f1xx_ll_usb.o
    0x08005166   0x08005166   0x00000012   Code   RO         1333    i.USB_DevInit       stm32f1xx_ll_usb.o
    0x08005178   0x08005178   0x0000000e   Code   RO         1334    i.USB_DisableGlobalInt  stm32f1xx_ll_usb.o
    0x08005186   0x08005186   0x00000004   Code   RO         1335    i.USB_EP0_OutStart  stm32f1xx_ll_usb.o
    0x0800518a   0x0800518a   0x00000078   Code   RO         1336    i.USB_EPClearStall  stm32f1xx_ll_usb.o
    0x08005202   0x08005202   0x00000032   Code   RO         1337    i.USB_EPSetStall    stm32f1xx_ll_usb.o
    0x08005234   0x08005234   0x000004e2   Code   RO         1338    i.USB_EPStartXfer   stm32f1xx_ll_usb.o
    0x08005716   0x08005716   0x00000012   Code   RO         1340    i.USB_EnableGlobalInt  stm32f1xx_ll_usb.o
    0x08005728   0x08005728   0x0000000c   Code   RO          444    i.USB_LP_CAN1_RX0_IRQHandler  stm32f1xx_it.o
    0x08005734   0x08005734   0x00000006   Code   RO         1347    i.USB_ReadInterrupts  stm32f1xx_ll_usb.o
    0x0800573a   0x0800573a   0x00000002   PAD
    0x0800573c   0x0800573c   0x0000002c   Code   RO         1348    i.USB_ReadPMA       stm32f1xx_ll_usb.o
    0x08005768   0x08005768   0x00000004   Code   RO         1349    i.USB_SetCurrentMode  stm32f1xx_ll_usb.o
    0x0800576c   0x0800576c   0x0000000c   Code   RO         1350    i.USB_SetDevAddress  stm32f1xx_ll_usb.o
    0x08005778   0x08005778   0x00000026   Code   RO         1352    i.USB_WritePMA      stm32f1xx_ll_usb.o
    0x0800579e   0x0800579e   0x00000020   Code   RO          178    i.USB_printf        main.o
    0x080057be   0x080057be   0x00000002   Code   RO          445    i.UsageFault_Handler  stm32f1xx_it.o
    0x080057c0   0x080057c0   0x00000028   Code   RO         4040    i.__ARM_fpclassify  m_ws.l(fpclassify.o)
    0x080057e8   0x080057e8   0x00000020   Code   RO         2001    i.__NVIC_SetPriority  stm32f1xx_hal_cortex.o
    0x08005808   0x08005808   0x0000000e   Code   RO         3916    i._is_digit         c_w.l(__printf_wp.o)
    0x08005816   0x08005816   0x00000002   PAD
    0x08005818   0x08005818   0x000000f8   Code   RO          179    i.main              main.o
    0x08005910   0x08005910   0x0000002c   Code   RO         4027    locale$$code        c_w.l(lc_numeric_c.o)
    0x0800593c   0x0800593c   0x0000002c   Code   RO         4048    locale$$code        c_w.l(lc_ctype_c.o)
    0x08005968   0x08005968   0x00000004   Code   RO         3949    x$fpl$printf1       fz_ws.l(printf1.o)
    0x0800596c   0x0800596c   0x00000004   Code   RO         3951    x$fpl$printf2       fz_ws.l(printf2.o)
    0x08005970   0x08005970   0x00000000   Code   RO         4039    x$fpl$usenofp       fz_ws.l(usenofp.o)
    0x08005970   0x08005970   0x00000012   Data   RO         1699    .constdata          stm32f1xx_hal_rcc.o
    0x08005982   0x08005982   0x00000010   Data   RO         3441    .constdata          system_stm32f1xx.o
    0x08005992   0x08005992   0x00000008   Data   RO         3442    .constdata          system_stm32f1xx.o
    0x0800599a   0x0800599a   0x00000002   PAD
    0x0800599c   0x0800599c   0x00000008   Data   RO         3875    .constdata          c_w.l(_printf_wctomb.o)
    0x080059a4   0x080059a4   0x00000028   Data   RO         3904    .constdata          c_w.l(_printf_hex_int_ll_ptr.o)
    0x080059cc   0x080059cc   0x00000011   Data   RO         3924    .constdata          c_w.l(__printf_flags_ss_wp.o)
    0x080059dd   0x080059dd   0x00000026   Data   RO         3979    .constdata          c_w.l(_printf_fp_hex.o)
    0x08005a03   0x08005a03   0x00000001   PAD
    0x08005a04   0x08005a04   0x00000094   Data   RO         4002    .constdata          c_w.l(bigflt0.o)
    0x08005a98   0x08005a98   0x00000020   Data   RO         4176    Region$$Table       anon$$obj.o
    0x08005ab8   0x08005ab8   0x0000001c   Data   RO         4026    locale$$data        c_w.l(lc_numeric_c.o)
    0x08005ad4   0x08005ad4   0x00000110   Data   RO         4047    locale$$data        c_w.l(lc_ctype_c.o)


    Execution Region RW_IRAM1 (Exec base: 0x20000000, Load base: 0x08005be4, Size: 0x000018c8, Max: 0x00002800, ABSOLUTE, COMPRESSED[0x000000c0])

    Exec Addr    Load Addr    Size         Type   Attr      Idx    E Section Name        Object

    0x20000000   COMPRESSED   0x00000002   Data   RW          561    .data               bsp_uart.o
    0x20000002   COMPRESSED   0x00000002   PAD
    0x20000004   COMPRESSED   0x0000001c   Data   RW          670    .data               usbd_desc.o
    0x20000020   COMPRESSED   0x00000032   Data   RW          671    .data               usbd_desc.o
    0x20000052   COMPRESSED   0x00000002   PAD
    0x20000054   COMPRESSED   0x00000010   Data   RW          753    .data               usbd_cdc_if.o
    0x20000064   COMPRESSED   0x0000000c   Data   RW         1536    .data               stm32f1xx_hal.o
    0x20000070   COMPRESSED   0x00000004   Data   RW         3443    .data               system_stm32f1xx.o
    0x20000074   COMPRESSED   0x00000001   Data   RW         3623    .data               usbd_ctlreq.o
    0x20000075   COMPRESSED   0x00000003   PAD
    0x20000078   COMPRESSED   0x000000d7   Data   RW         3755    .data               usbd_cdc.o
    0x2000014f   COMPRESSED   0x00000001   PAD
    0x20000150   COMPRESSED   0x00000038   Data   RW         3756    .data               usbd_cdc.o
    0x20000188        -       0x00000030   Zero   RW          305    .bss                adc.o
    0x200001b8        -       0x00000058   Zero   RW          347    .bss                spi.o
    0x20000210        -       0x00000090   Zero   RW          390    .bss                usart.o
    0x200002a0        -       0x00000208   Zero   RW          560    .bss                bsp_uart.o
    0x200004a8        -       0x000002c4   Zero   RW          627    .bss                usb_device.o
    0x2000076c        -       0x00000200   Zero   RW          669    .bss                usbd_desc.o
    0x2000096c        -       0x00000400   Zero   RW          752    .bss                usbd_cdc_if.o
    0x20000d6c        -       0x000004f8   Zero   RW          830    .bss                usbd_conf.o
    0x20001264        -       0x00000060   Zero   RW         4043    .bss                c_w.l(libspace.o)
    0x200012c4   COMPRESSED   0x00000004   PAD
    0x200012c8        -       0x00000200   Zero   RW            2    HEAP                startup_stm32f103x6.o
    0x200014c8        -       0x00000400   Zero   RW            1    STACK               startup_stm32f103x6.o


==============================================================================

Image component sizes


      Code (inc. data)   RO Data    RW Data    ZI Data      Debug   Object Name

       120         20          0          0         48       1517   adc.o
       184         50          0          2        520       2334   bsp_uart.o
         0          0          0          0          0     420912   gd25q128.o
       300         16          0          0          0       1027   gpio.o
       408        166          0          0          0       9654   main.o
       184         24          0          0         88       1649   spi.o
        64         26        236          0       1536        808   startup_stm32f103x6.o
       164         28          0         12          0       5549   stm32f1xx_hal.o
       622         24          0          0          0       3296   stm32f1xx_hal_adc.o
       198         14          0          0          0      28947   stm32f1xx_hal_cortex.o
       222          4          0          0          0       1767   stm32f1xx_hal_dma.o
       458         30          0          0          0       2876   stm32f1xx_hal_gpio.o
        60          8          0          0          0        870   stm32f1xx_hal_msp.o
      3044          0          0          0          0      14233   stm32f1xx_hal_pcd.o
        60          0          0          0          0       1174   stm32f1xx_hal_pcd_ex.o
      1240         84         18          0          0       5112   stm32f1xx_hal_rcc.o
       236         12          0          0          0       1380   stm32f1xx_hal_rcc_ex.o
       178          0          0          0          0       1155   stm32f1xx_hal_spi.o
      1278         10          0          0          0       8307   stm32f1xx_hal_uart.o
        56         18          0          0          0       5183   stm32f1xx_it.o
      2528          0          0          0          0      16087   stm32f1xx_ll_usb.o
         2          0         24          4          0       1115   system_stm32f1xx.o
       336         34          0          0        144       2367   usart.o
        84         18          0          0        708        788   usb_device.o
       726         16          0        271          0      13026   usbd_cdc.o
       128         24          0         16       1024       3350   usbd_cdc_if.o
       554         30          0          0       1272      14177   usbd_conf.o
       670          0          0          0          0       9451   usbd_core.o
      1186         28          0          1          0       7904   usbd_ctlreq.o
       288        104          0         78        512       5913   usbd_desc.o
       132          0          0          0          0       4316   usbd_ioreq.o

    ----------------------------------------------------------------------
     15732        788        312        392       5852     596244   Object Totals
         0          0         32          0          0          0   (incl. Generated)
        22          0          2          8          0          0   (incl. Padding)

    ----------------------------------------------------------------------

      Code (inc. data)   RO Data    RW Data    ZI Data      Debug   Library Member Name

        90          0          0          0          0          0   __dczerorl2.o
         8          0          0          0          0         68   __main.o
       392          4         17          0          0         92   __printf_flags_ss_wp.o
        14          0          0          0          0         68   __printf_wp.o
         0          0          0          0          0          0   __rtentry.o
        12          0          0          0          0          0   __rtentry2.o
         6          0          0          0          0          0   __rtentry4.o
        52          8          0          0          0          0   __scatter.o
        28          0          0          0          0          0   __scatter_zi.o
         6          0          0          0          0          0   _printf_a.o
         6          0          0          0          0          0   _printf_c.o
        44          0          0          0          0        108   _printf_char.o
        48          6          0          0          0         96   _printf_char_common.o
        40          0          0          0          0         68   _printf_charcount.o
         6          0          0          0          0          0   _printf_d.o
       120         16          0          0          0         92   _printf_dec.o
         6          0          0          0          0          0   _printf_e.o
         6          0          0          0          0          0   _printf_f.o
      1054          0          0          0          0        216   _printf_fp_dec.o
       764          8         38          0          0        100   _printf_fp_hex.o
       128         16          0          0          0         84   _printf_fp_infnan.o
         6          0          0          0          0          0   _printf_g.o
       148          4         40          0          0        160   _printf_hex_int_ll_ptr.o
         6          0          0          0          0          0   _printf_i.o
       178          0          0          0          0         88   _printf_intcommon.o
        10          0          0          0          0          0   _printf_l.o
         6          0          0          0          0          0   _printf_lc.o
        10          0          0          0          0          0   _printf_ll.o
         6          0          0          0          0          0   _printf_lld.o
         6          0          0          0          0          0   _printf_lli.o
         6          0          0          0          0          0   _printf_llo.o
         6          0          0          0          0          0   _printf_llu.o
         6          0          0          0          0          0   _printf_llx.o
       124         16          0          0          0         92   _printf_longlong_dec.o
         6          0          0          0          0          0   _printf_ls.o
         6          0          0          0          0          0   _printf_n.o
         6          0          0          0          0          0   _printf_o.o
       112         10          0          0          0        124   _printf_oct_int_ll.o
         6          0          0          0          0          0   _printf_p.o
        78          0          0          0          0        108   _printf_pad.o
         0          0          0          0          0          0   _printf_percent.o
         4          0          0          0          0          0   _printf_percent_end.o
         6          0          0          0          0          0   _printf_s.o
        82          0          0          0          0         80   _printf_str.o
        36          0          0          0          0         84   _printf_truncate.o
         6          0          0          0          0          0   _printf_u.o
        44          0          0          0          0        108   _printf_wchar.o
       188          6          8          0          0         92   _printf_wctomb.o
         6          0          0          0          0          0   _printf_x.o
        16          0          0          0          0         68   _snputc.o
        10          0          0          0          0         68   _sputc.o
        64          0          0          0          0         92   _wcrtomb.o
       228          4        148          0          0         96   bigflt0.o
      1936        128          0          0          0        672   btod.o
        18          0          0          0          0         80   exit.o
         6          0          0          0          0        152   heapauxi.o
         0          0          0          0          0          0   indicate_semi.o
        44         10        272          0          0         76   lc_ctype_c.o
        44         10         28          0          0         76   lc_numeric_c.o
         2          0          0          0          0          0   libinit.o
        30          0          0          0          0          0   libinit2.o
         2          0          0          0          0          0   libshutdown.o
         2          0          0          0          0          0   libshutdown2.o
         8          4          0          0         96         68   libspace.o
       138          0          0          0          0         80   lludiv10.o
        16          4          0          0          0         76   rt_ctype_table.o
         8          4          0          0          0         68   rt_locale_intlibspace.o
        78          0          0          0          0         80   rt_memclr_w.o
         2          0          0          0          0          0   rtexit.o
        10          0          0          0          0          0   rtexit2.o
       128          0          0          0          0         68   strcmpv7m.o
        12          4          0          0          0         68   sys_exit.o
        74          0          0          0          0         80   sys_stackheap_outer.o
         2          0          0          0          0         68   use_no_semi.o
        52          4          0          0          0         80   vsnprintf.o
         4          0          0          0          0         68   printf1.o
         4          0          0          0          0         68   printf2.o
         0          0          0          0          0          0   usenofp.o
        40          0          0          0          0         68   fpclassify.o

    ----------------------------------------------------------------------
      6928        266        552          0        100       4248   Library Totals
        16          0          1          0          4          0   (incl. Padding)

    ----------------------------------------------------------------------

      Code (inc. data)   RO Data    RW Data    ZI Data      Debug   Library Name

      6864        266        551          0         96       4044   c_w.l
         8          0          0          0          0        136   fz_ws.l
        40          0          0          0          0         68   m_ws.l

    ----------------------------------------------------------------------
      6928        266        552          0        100       4248   Library Totals

    ----------------------------------------------------------------------

==============================================================================


      Code (inc. data)   RO Data    RW Data    ZI Data      Debug   

     22660       1054        864        392       5952     589464   Grand Totals
     22660       1054        864        192       5952     589464   ELF Image Totals (compressed)
     22660       1054        864        192          0          0   ROM Totals

==============================================================================

    Total RO  Size (Code + RO Data)                23524 (  22.97kB)
    Total RW  Size (RW Data + ZI Data)              6344 (   6.20kB)
    Total ROM Size (Code + RO Data + RW Data)      23716 (  23.16kB)

==============================================================================

